Component: ARM Compiler 5.06 update 2 (build 183) Tool: armlink [4d35b7]

==============================================================================

Section Cross References

    main.o(i.GetDataEvent) refers to fmul.o(.text) for __aeabi_fmul
    main.o(i.GetDataEvent) refers to ffixi.o(.text) for __aeabi_f2iz
    main.o(i.GetDataEvent) refers to pulse.o(.bss) for JQ
    main.o(i.GetDataEvent) refers to pulse.o(.data) for X
    main.o(i.SetDataEvent) refers to fflti.o(.text) for __aeabi_i2f
    main.o(i.SetDataEvent) refers to fdiv.o(.text) for __aeabi_fdiv
    main.o(i.SetDataEvent) refers to f2d.o(.text) for __aeabi_f2d
    main.o(i.SetDataEvent) refers to dadd.o(.text) for __aeabi_dadd
    main.o(i.SetDataEvent) refers to dmul.o(.text) for __aeabi_dmul
    main.o(i.SetDataEvent) refers to dfixi.o(.text) for __aeabi_d2iz
    main.o(i.SetDataEvent) refers to main.o(.data) for lastid
    main.o(i.SetDataEvent) refers to pulse.o(.constdata) for Axis
    main.o(i.SetDataEvent) refers to delta robot.o(.constdata) for Delta
    main.o(i.SetDataEvent) refers to delta robot.o(.bss) for delta
    main.o(i.main) refers to sys.o(i.Stm32_Clock_Init) for Stm32_Clock_Init
    main.o(i.main) refers to sys.o(i.JTAG_Set) for JTAG_Set
    main.o(i.main) refers to delay.o(i.delay_init) for delay_init
    main.o(i.main) refers to timer.o(.constdata) for Timer
    main.o(i.main) refers to delta robot.o(.constdata) for Delta
    main.o(i.main) refers to pulse.o(.constdata) for Axis
    main.o(i.main) refers to uart.o(.constdata) for UART
    main.o(i.main) refers to uartprotocol.o(i.OnRecvData) for OnRecvData
    main.o(i.main) refers to uartprotocol.o(.constdata) for UartProtocol
    main.o(i.main) refers to uartprotocol.o(.bss) for buffdata
    main.o(i.main) refers to wifi.o(.constdata) for wifi
    main.o(i.main) refers to main.o(i.GetDataEvent) for GetDataEvent
    main.o(i.main) refers to main.o(i.SetDataEvent) for SetDataEvent
    main.o(i.tick1) refers to fflti.o(.text) for __aeabi_i2f
    main.o(i.tick1) refers to main.o(.data) for o
    main.o(i.tick1) refers to pulse.o(.constdata) for Axis
    startup_stm32f10x_md.o(RESET) refers to startup_stm32f10x_md.o(STACK) for __initial_sp
    startup_stm32f10x_md.o(RESET) refers to startup_stm32f10x_md.o(.text) for Reset_Handler
    startup_stm32f10x_md.o(RESET) refers to timer.o(i.SysTick_Handler) for SysTick_Handler
    startup_stm32f10x_md.o(RESET) refers to pulse.o(i.EXTI0_IRQHandler) for EXTI0_IRQHandler
    startup_stm32f10x_md.o(RESET) refers to pulse.o(i.EXTI1_IRQHandler) for EXTI1_IRQHandler
    startup_stm32f10x_md.o(RESET) refers to pulse.o(i.EXTI2_IRQHandler) for EXTI2_IRQHandler
    startup_stm32f10x_md.o(RESET) refers to pulse.o(i.TIM3_IRQHandler) for TIM3_IRQHandler
    startup_stm32f10x_md.o(RESET) refers to uart.o(i.USART1_IRQHandler) for USART1_IRQHandler
    startup_stm32f10x_md.o(.text) refers to entry.o(.ARM.Collect$$$$00000000) for __main
    led.o(.constdata) refers to led.o(i.Init) for Init
    delay.o(i.delay_init) refers to delay.o(.data) for fac_us
    delay.o(i.delay_ms) refers to delay.o(i.delay_us) for delay_us
    delay.o(i.delay_us) refers to delay.o(.data) for fac_us
    sys.o(i.MYRCC_DeInit) refers to sys.o(i.MY_NVIC_SetVectorTable) for MY_NVIC_SetVectorTable
    sys.o(i.MY_NVIC_Init) refers to sys.o(i.MY_NVIC_PriorityGroupConfig) for MY_NVIC_PriorityGroupConfig
    sys.o(i.Stm32_Clock_Init) refers to sys.o(i.MYRCC_DeInit) for MYRCC_DeInit
    sys.o(i.Sys_Standby) refers to sys.o(.emb_text) for WFI_SET
    motor.o(i.Init) refers to motor.o(i.SetSpeed) for SetSpeed
    motor.o(i.SetSpeed) refers to motor.o(i.myabs) for myabs
    motor.o(.constdata) refers to motor.o(i.Init) for Init
    motor.o(.constdata) refers to motor.o(i.SetSpeed) for SetSpeed
    pid.o(i.PositionPID) refers to fflti.o(.text) for __aeabi_i2f
    pid.o(i.PositionPID) refers to fadd.o(.text) for __aeabi_fadd
    pid.o(i.PositionPID) refers to fmul.o(.text) for __aeabi_fmul
    pid.o(i.PositionPID) refers to ffixi.o(.text) for __aeabi_f2iz
    pid.o(.constdata) refers to pid.o(i.Init) for Init
    pid.o(.constdata) refers to pid.o(i.PositionPID) for PositionPID
    sensor.o(i.Loop) refers to sensor.o(i.RTADC) for RTADC
    sensor.o(i.Loop) refers to sensor.o(i.switchCH) for switchCH
    sensor.o(i.Loop) refers to sensor.o(.bss) for CHVA
    sensor.o(i.Loop) refers to sensor.o(.data) for count
    sensor.o(i.RTADC) refers to adc.o(.constdata) for ADC
    sensor.o(i.ReadData) refers to sensor.o(.data) for PutOut
    sensor.o(i.getCHVA) refers to sensor.o(.bss) for CHVA
    sensor.o(i.init) refers to sensor.o(i.switchCH) for switchCH
    sensor.o(i.init) refers to adc.o(.constdata) for ADC
    sensor.o(i.init) refers to sensor.o(.bss) for CHVA
    sensor.o(i.setCHTH) refers to sensor.o(.bss) for CHTH
    sensor.o(.constdata) refers to sensor.o(i.init) for init
    sensor.o(.constdata) refers to sensor.o(i.Loop) for Loop
[...]
    ../fplib/microlib/fpdiv.c                0x00000000   Number         0  fdiv.o ABSOLUTE
    ../fplib/microlib/fpepilogue.c           0x00000000   Number         0  depilogue.o ABSOLUTE
    ../fplib/microlib/fpepilogue.c           0x00000000   Number         0  fepilogue.o ABSOLUTE
    ../fplib/microlib/fpfix.c                0x00000000   Number         0  dfixul.o ABSOLUTE
    ../fplib/microlib/fpfix.c                0x00000000   Number         0  ffixi.o ABSOLUTE
    ../fplib/microlib/fpfix.c                0x00000000   Number         0  ffixui.o ABSOLUTE
    ../fplib/microlib/fpfix.c                0x00000000   Number         0  dfixi.o ABSOLUTE
    ../fplib/microlib/fpflt.c                0x00000000   Number         0  dflti.o ABSOLUTE
    ../fplib/microlib/fpflt.c                0x00000000   Number         0  ffltui.o ABSOLUTE
    ../fplib/microlib/fpflt.c                0x00000000   Number         0  fflti.o ABSOLUTE
    ../fplib/microlib/fpflt.c                0x00000000   Number         0  dfltui.o ABSOLUTE
    ../fplib/microlib/fpmul.c                0x00000000   Number         0  dmul.o ABSOLUTE
    ../fplib/microlib/fpmul.c                0x00000000   Number         0  fmul.o ABSOLUTE
    ../fplib/microlib/fpscalb.c              0x00000000   Number         0  dscalb.o ABSOLUTE
    ../fplib/microlib/fpsqrt.c               0x00000000   Number         0  dsqrt.o ABSOLUTE
    ../mathlib/asin.c                        0x00000000   Number         0  asin_x.o ABSOLUTE
    ../mathlib/asin.c                        0x00000000   Number         0  asin.o ABSOLUTE
    ../mathlib/atan.c                        0x00000000   Number         0  atan_x.o ABSOLUTE
    ../mathlib/atan.c                        0x00000000   Number         0  atan.o ABSOLUTE
    ../mathlib/atan2.c                       0x00000000   Number         0  atan2.o ABSOLUTE
    ../mathlib/atan2.c                       0x00000000   Number         0  atan2_x.o ABSOLUTE
    ../mathlib/cos.c                         0x00000000   Number         0  cos_x.o ABSOLUTE
    ../mathlib/cos.c                         0x00000000   Number         0  cos.o ABSOLUTE
    ../mathlib/cos_i.c                       0x00000000   Number         0  cos_i.o ABSOLUTE
    ../mathlib/dunder.c                      0x00000000   Number         0  dunder.o ABSOLUTE
    ../mathlib/fpclassify.c                  0x00000000   Number         0  fpclassify.o ABSOLUTE
    ../mathlib/poly.c                        0x00000000   Number         0  poly.o ABSOLUTE
    ../mathlib/pow.c                         0x00000000   Number         0  pow.o ABSOLUTE
    ../mathlib/pow.c                         0x00000000   Number         0  pow_x.o ABSOLUTE
    ../mathlib/qnan.c                        0x00000000   Number         0  qnan.o ABSOLUTE
    ../mathlib/rred.c                        0x00000000   Number         0  rred.o ABSOLUTE
    ../mathlib/sin.c                         0x00000000   Number         0  sin.o ABSOLUTE
    ../mathlib/sin.c                         0x00000000   Number         0  sin_x.o ABSOLUTE
    ../mathlib/sin_i.c                       0x00000000   Number         0  sin_i.o ABSOLUTE
    ../mathlib/sin_i.c                       0x00000000   Number         0  sin_i_x.o ABSOLUTE
    ../mathlib/sqrt.c                        0x00000000   Number         0  sqrt.o ABSOLUTE
    ../mathlib/sqrt.c                        0x00000000   Number         0  sqrt_x.o ABSOLUTE
    ..\Boot\startup_stm32f10x_md.s           0x00000000   Number         0  startup_stm32f10x_md.o ABSOLUTE
    ..\Refer\eMPL\inv_mpu.c                  0x00000000   Number         0  inv_mpu.o ABSOLUTE
    ..\Refer\eMPL\inv_mpu_dmp_motion_driver.c 0x00000000   Number         0  inv_mpu_dmp_motion_driver.o ABSOLUTE
    ..\Refer\src\ADC.c                       0x00000000   Number         0  adc.o ABSOLUTE
    ..\Refer\src\Delta robot.c               0x00000000   Number         0  delta robot.o ABSOLUTE
    ..\Refer\src\RC522.c                     0x00000000   Number         0  rc522.o ABSOLUTE
    ..\Refer\src\Timer.c                     0x00000000   Number         0  timer.o ABSOLUTE
    ..\Refer\src\delay.c                     0x00000000   Number         0  delay.o ABSOLUTE
    ..\Refer\src\encoder.c                   0x00000000   Number         0  encoder.o ABSOLUTE
    ..\Refer\src\filter.c                    0x00000000   Number         0  filter.o ABSOLUTE
    ..\Refer\src\iic.c                       0x00000000   Number         0  iic.o ABSOLUTE
    ..\Refer\src\led.c                       0x00000000   Number         0  led.o ABSOLUTE
    ..\Refer\src\motor.c                     0x00000000   Number         0  motor.o ABSOLUTE
    ..\Refer\src\mpu6050.c                   0x00000000   Number         0  mpu6050.o ABSOLUTE
    ..\Refer\src\pid.c                       0x00000000   Number         0  pid.o ABSOLUTE
    ..\Refer\src\pulse.c                     0x00000000   Number         0  pulse.o ABSOLUTE
    ..\Refer\src\sensor.c                    0x00000000   Number         0  sensor.o ABSOLUTE
    ..\Refer\src\servo.c                     0x00000000   Number         0  servo.o ABSOLUTE
    ..\Refer\src\spi.c                       0x00000000   Number         0  spi.o ABSOLUTE
    ..\Refer\src\sys.c                       0x00000000   Number         0  sys.o ABSOLUTE
    ..\Refer\src\uart.c                      0x00000000   Number         0  uart.o ABSOLUTE
    ..\Refer\src\uartprotocol.c              0x00000000   Number         0  uartprotocol.o ABSOLUTE
    ..\Refer\src\wifi.c                      0x00000000   Number         0  wifi.o ABSOLUTE
    ..\\Refer\\src\\Timer.c                  0x00000000   Number         0  timer.o ABSOLUTE
    ..\\Refer\\src\\sys.c                    0x00000000   Number         0  sys.o ABSOLUTE
    cdcmple.s                                0x00000000   Number         0  cdcmple.o ABSOLUTE
    cdrcmple.s                               0x00000000   Number         0  cdrcmple.o ABSOLUTE
    cfcmple.s                                0x00000000   Number         0  cfcmple.o ABSOLUTE
    cfrcmple.s                               0x00000000   Number         0  cfrcmple.o ABSOLUTE
    dc.s                                     0x00000000   Number         0  dc.o ABSOLUTE
    handlers.s                               0x00000000   Number         0  handlers.o ABSOLUTE
    init.s                                   0x00000000   Number         0  init.o ABSOLUTE
    main.c                                   0x00000000   Number         0  main.o ABSOLUTE
    RESET                                    0x08000000   Section      236  startup_stm32f10x_md.o(RESET)
    .ARM.Collect$$$$00000000                 0x080000ec   Section        0  entry.o(.ARM.Collect$$$$00000000)
    .ARM.Collect$$$$00000001                 0x080000ec   Section        4  entry2.o(.ARM.Collect$$$$00000001)
    .ARM.Collect$$$$00000004                 0x080000f0   Section        4  entry5.o(.ARM.Collect$$$$00000004)
    .ARM.Collect$$$$00000008                 0x080000f4   Section        0  entry7b.o(.ARM.Collect$$$$00000008)
    .ARM.Collect$$$$0000000A                 0x080000f4   Section        0  entry8b.o(.ARM.Collect$$$$0000000A)
    .ARM.Collect$$$$0000000B                 0x080000f4   Section        8  entry9a.o(.ARM.Collect$$$$0000000B)
    .ARM.Collect$$$$0000000D                 0x080000fc   Section        0  entry10a.o(.ARM.Collect$$$$0000000D)
    .ARM.Collect$$$$0000000F                 0x080000fc   Section        0  entry11a.o(.ARM.Collect$$$$0000000F)
    .ARM.Collect$$$$00002712                 0x080000fc   Section        4  entry2.o(.ARM.Collect$$$$00002712)
    __lit__00000000                          0x080000fc   Data           4  entry2.o(.ARM.Collect$$$$00002712)
    .emb_text                                0x08000100   Section       36  timer.o(.emb_text)
    .text                                    0x08000124   Section       28  startup_stm32f10x_md.o(.text)
    .text                                    0x08000140   Section        0  memcpya.o(.text)
    .text                                    0x08000164   Section        0  memseta.o(.text)
    .text                                    0x08000188   Section        0  strcat.o(.text)
    .text                                    0x080001a0   Section        0  strstr.o(.text)
    .text                                    0x080001c4   Section        0  atoi.o(.text)
    .text                                    0x080001de   Section        0  fadd.o(.text)
    .text                                    0x0800028e   Section        0  fmul.o(.text)
    .text                                    0x080002f2   Section        0  fdiv.o(.text)
    .text                                    0x0800036e   Section        0  dadd.o(.text)
    .text                                    0x080004bc   Section        0  dmul.o(.text)
    .text                                    0x080005a0   Section        0  ddiv.o(.text)
    .text                                    0x0800067e   Section        0  fflti.o(.text)
    .text                                    0x08000690   Section        0  ffltui.o(.text)
    .text                                    0x0800069a   Section        0  dflti.o(.text)
    .text                                    0x080006bc   Section        0  ffixi.o(.text)
    .text                                    0x080006ee   Section        0  dfixi.o(.text)
    .text                                    0x0800072c   Section        0  f2d.o(.text)
    .text                                    0x08000754   Section       48  cdcmple.o(.text)
    .text                                    0x08000784   Section        0  d2f.o(.text)
    .text                                    0x080007bc   Section       20  cfcmple.o(.text)
    .text                                    0x080007d0   Section       20  cfrcmple.o(.text)
    .text                                    0x080007e4   Section        0  uldiv.o(.text)
    .text                                    0x08000846   Section        0  llshl.o(.text)
    .text                                    0x08000864   Section        0  llushr.o(.text)
    .text                                    0x08000884   Section        0  llsshr.o(.text)
    .text                                    0x080008a8   Section        0  strtol.o(.text)
    .text                                    0x08000918   Section        0  iusefp.o(.text)
    .text                                    0x08000918   Section        0  fepilogue.o(.text)
    .text                                    0x08000986   Section        0  depilogue.o(.text)
    .text                                    0x08000a40   Section        0  dscalb.o(.text)
    .text                                    0x08000a6e   Section        0  dsqrt.o(.text)
    .text                                    0x08000b10   Section       48  cdrcmple.o(.text)
    .text                                    0x08000b40   Section       36  init.o(.text)
    .text                                    0x08000b64   Section        0  ctype_o.o(.text)
    .text                                    0x08000b6c   Section        0  _strtoul.o(.text)
    .text                                    0x08000c0a   Section        0  dfltui.o(.text)
    .text                                    0x08000c24   Section        0  _chval.o(.text)
    i.AddDelay                               0x08000c40   Section        0  timer.o(i.AddDelay)
    i.AliveEvent                             0x08000c6c   Section        0  wifi.o(i.AliveEvent)
    i.AxisBuffInmm                           0x08000df8   Section        0  pulse.o(i.AxisBuffInmm)
    AxisBuffInmm                             0x08000df9   Thumb Code   230  pulse.o(i.AxisBuffInmm)
    i.AxisDirMove                            0x08000eec   Section        0  pulse.o(i.AxisDirMove)
    AxisDirMove                              0x08000eed   Thumb Code   280  pulse.o(i.AxisDirMove)
    i.AxisGcode                              0x08001020   Section        0  pulse.o(i.AxisGcode)
    AxisGcode                                0x08001021   Thumb Code   576  pulse.o(i.AxisGcode)
    i.AxisGomm                               0x08001290   Section        0  pulse.o(i.AxisGomm)
    AxisGomm                                 0x08001291   Thumb Code   262  pulse.o(i.AxisGomm)
    i.CallFun                                0x080013a0   Section        0  timer.o(i.CallFun)
    i.ClearXYZ                               0x080013a8   Section        0  pulse.o(i.ClearXYZ)
    ClearXYZ                                 0x080013a9   Thumb Code    24  pulse.o(i.ClearXYZ)
    i.ConXYZ                                 0x080013c4   Section        0  pulse.o(i.ConXYZ)
    ConXYZ                                   0x080013c5   Thumb Code    62  pulse.o(i.ConXYZ)
    i.ConnectSend                            0x08001410   Section        0  wifi.o(i.ConnectSend)
    ConnectSend                              0x08001411   Thumb Code    34  wifi.o(i.ConnectSend)
    i.ConnectSendCode                        0x08001454   Section        0  wifi.o(i.ConnectSendCode)
    ConnectSendCode                          0x08001455   Thumb Code   128  wifi.o(i.ConnectSendCode)
    i.DeErrEvent                             0x08001504   Section        0  wifi.o(i.DeErrEvent)
    i.Delay                                  0x08001670   Section        0  timer.o(i.Delay)
    i.DownXYZ                                0x080016b4   Section        0  pulse.o(i.DownXYZ)
    DownXYZ                                  0x080016b5   Thumb Code    32  pulse.o(i.DownXYZ)
    i.EXTI0_IRQHandler                       0x080016d4   Section        0  pulse.o(i.EXTI0_IRQHandler)
    i.EXTI1_IRQHandler                       0x08001704   Section        0  pulse.o(i.EXTI1_IRQHandler)
    i.EXTI2_IRQHandler                       0x08001734   Section        0  pulse.o(i.EXTI2_IRQHandler)
    i.Ex_NVIC_Config                         0x08001764   Section        0  sys.o(i.Ex_NVIC_Config)
    i.ExtiInit                               0x08001804   Section        0  pulse.o(i.ExtiInit)
    ExtiInit                                 0x08001805   Thumb Code   124  pulse.o(i.ExtiInit)
    i.GetDataEvent                           0x08001888   Section        0  main.o(i.GetDataEvent)
    i.GetIPIDCmd                             0x08001924   Section        0  wifi.o(i.GetIPIDCmd)
    GetIPIDCmd                               0x08001925   Thumb Code    12  wifi.o(i.GetIPIDCmd)
    i.GetIPIDStart                           0x08001974   Section        0  wifi.o(i.GetIPIDStart)
    GetIPIDStart                             0x08001975   Thumb Code     8  wifi.o(i.GetIPIDStart)
    i.IOInit                                 0x08001980   Section        0  pulse.o(i.IOInit)
    IOInit                                   0x08001981   Thumb Code    70  pulse.o(i.IOInit)
    i.Init                                   0x080019dc   Section        0  uartprotocol.o(i.Init)
    Init                                     0x080019dd   Thumb Code    52  uartprotocol.o(i.Init)
    i.Init                                   0x08001a1c   Section        0  wifi.o(i.Init)
    Init                                     0x08001a1d   Thumb Code    16  wifi.o(i.Init)
    i.Init                                   0x08001a2c   Section        0  pulse.o(i.Init)
    Init                                     0x08001a2d   Thumb Code    44  pulse.o(i.Init)
    i.Init                                   0x08001a64   Section        0  delta robot.o(i.Init)
    Init                                     0x08001a65   Thumb Code    98  delta robot.o(i.Init)
    i.InitTimer                              0x08001ae4   Section        0  timer.o(i.InitTimer)
    i.JTAG_Set                               0x08001b10   Section        0  sys.o(i.JTAG_Set)
    i.KillThisTimer                          0x08001b40   Section        0  timer.o(i.KillThisTimer)
    i.KillTimer                              0x08001b6c   Section        0  timer.o(i.KillTimer)
    i.MYRCC_DeInit                           0x08001b90   Section        0  sys.o(i.MYRCC_DeInit)
    i.MY_NVIC_Init                           0x08001bf8   Section        0  sys.o(i.MY_NVIC_Init)
    i.MY_NVIC_PriorityGroupConfig            0x08001c6c   Section        0  sys.o(i.MY_NVIC_PriorityGroupConfig)
    i.MY_NVIC_SetVectorTable                 0x08001c94   Section        0  sys.o(i.MY_NVIC_SetVectorTable)
    i.OnRecvData                             0x08001ca8   Section        0  uartprotocol.o(i.OnRecvData)
    i.QueueIn                                0x08001e08   Section        0  pulse.o(i.QueueIn)
    i.QueueInit                              0x08001e50   Section        0  pulse.o(i.QueueInit)
    i.QueueOut                               0x08001e5a   Section        0  pulse.o(i.QueueOut)
    i.QueueOutSetting                        0x08001e9c   Section        0  pulse.o(i.QueueOutSetting)
    i.ReadBuff                               0x08001eb4   Section        0  uartprotocol.o(i.ReadBuff)
    ReadBuff                                 0x08001eb5   Thumb Code    68  uartprotocol.o(i.ReadBuff)
    i.ReadByte                               0x08001f04   Section        0  uartprotocol.o(i.ReadByte)
    ReadByte                                 0x08001f05   Thumb Code    38  uartprotocol.o(i.ReadByte)
    i.ReadDWord                              0x08001f38   Section        0  uartprotocol.o(i.ReadDWord)
    ReadDWord                                0x08001f39   Thumb Code   106  uartprotocol.o(i.ReadDWord)
    i.ReadWord                               0x08001fb0   Section        0  uartprotocol.o(i.ReadWord)
    ReadWord                                 0x08001fb1   Thumb Code    68  uartprotocol.o(i.ReadWord)
    i.RegisterCmdEvent                       0x08002000   Section        0  uartprotocol.o(i.RegisterCmdEvent)
    i.ResetXYZ                               0x0800200c   Section        0  pulse.o(i.ResetXYZ)
    ResetXYZ                                 0x0800200d   Thumb Code    22  pulse.o(i.ResetXYZ)
    i.ScannCmd                               0x08002028   Section        0  wifi.o(i.ScannCmd)
    ScannCmd                                 0x08002029   Thumb Code    24  wifi.o(i.ScannCmd)
    i.ScannStart                             0x08002054   Section        0  wifi.o(i.ScannStart)
    ScannStart                               0x08002055   Thumb Code    20  wifi.o(i.ScannStart)
    i.SendCmdPack                            0x08002074   Section        0  uartprotocol.o(i.SendCmdPack)
    i.SendMeIPEvent                          0x080020b8   Section        0  wifi.o(i.SendMeIPEvent)
    i.SendPack                               0x08002128   Section        0  uartprotocol.o(i.SendPack)
    i.SetDataEvent                           0x0800218c   Section        0  main.o(i.SetDataEvent)
    i.SetDelay                               0x080023fc   Section        0  timer.o(i.SetDelay)
    i.SetDir                                 0x08002414   Section        0  pulse.o(i.SetDir)
    SetDir                                   0x08002415   Thumb Code    38  pulse.o(i.SetDir)
    i.SetF                                   0x08002440   Section        0  pulse.o(i.SetF)
    SetF                                     0x08002441   Thumb Code    24  pulse.o(i.SetF)
    i.SetIO                                  0x08002460   Section        0  pulse.o(i.SetIO)
    SetIO                                    0x08002461   Thumb Code    38  pulse.o(i.SetIO)
    i.SetTimer                               0x0800248c   Section        0  timer.o(i.SetTimer)
    i.SetXYZ                                 0x080024ec   Section        0  pulse.o(i.SetXYZ)
    SetXYZ                                   0x080024ed   Thumb Code   196  pulse.o(i.SetXYZ)
    i.Setoffset                              0x080025d0   Section        0  uartprotocol.o(i.Setoffset)
    Setoffset                                0x080025d1   Thumb Code    20  uartprotocol.o(i.Setoffset)
    i.Setting                                0x080025e8   Section        0  delta robot.o(i.Setting)
    Setting                                  0x080025e9   Thumb Code    46  delta robot.o(i.Setting)
    i.Start                                  0x0800262c   Section        0  pulse.o(i.Start)
    Start                                    0x0800262d   Thumb Code    68  pulse.o(i.Start)
    i.Stm32_Clock_Init                       0x08002688   Section        0  sys.o(i.Stm32_Clock_Init)
    i.Stop                                   0x08002718   Section        0  pulse.o(i.Stop)
    Stop                                     0x08002719   Thumb Code    20  pulse.o(i.Stop)
    i.SysTick_Handler                        0x08002734   Section        0  timer.o(i.SysTick_Handler)
    i.TIM3_IRQHandler                        0x0800277c   Section        0  pulse.o(i.TIM3_IRQHandler)
    i.Time3Init                              0x08002af4   Section        0  pulse.o(i.Time3Init)
    Time3Init                                0x08002af5   Thumb Code    72  pulse.o(i.Time3Init)
    i.TimerRun                               0x08002b44   Section        0  timer.o(i.TimerRun)
    i.UART_Init                              0x08002c18   Section        0  uart.o(i.UART_Init)
    i.UART_OnRecv                            0x08002cd8   Section        0  uart.o(i.UART_OnRecv)
    i.UART_ReSetBps                          0x08002ce4   Section        0  uart.o(i.UART_ReSetBps)
    i.UART_SendBuff                          0x08002d44   Section        0  uart.o(i.UART_SendBuff)
    i.UART_SendByte                          0x08002d68   Section        0  uart.o(i.UART_SendByte)
    i.UART_SendString                        0x08002d84   Section        0  uart.o(i.UART_SendString)
    i.USART1_IRQHandler                      0x08002da4   Section        0  uart.o(i.USART1_IRQHandler)
    i.UartCmd                                0x08002dc4   Section        0  uartprotocol.o(i.UartCmd)
    i.UnRegisterCmdEvent                     0x08002e70   Section        0  uartprotocol.o(i.UnRegisterCmdEvent)
    i.WriteBuff                              0x08002e9c   Section        0  uartprotocol.o(i.WriteBuff)
    WriteBuff                                0x08002e9d   Thumb Code    62  uartprotocol.o(i.WriteBuff)
    i.WriteByte                              0x08002ee8   Section        0  uartprotocol.o(i.WriteByte)
    WriteByte                                0x08002ee9   Thumb Code    38  uartprotocol.o(i.WriteByte)
    i.WriteDWord                             0x08002f18   Section        0  uartprotocol.o(i.WriteDWord)
    WriteDWord                               0x08002f19   Thumb Code   102  uartprotocol.o(i.WriteDWord)
    i.WriteFloat                             0x08002f88   Section        0  uartprotocol.o(i.WriteFloat)
    WriteFloat                               0x08002f89   Thumb Code   102  uartprotocol.o(i.WriteFloat)
    i.WriteWord                              0x08002ff8   Section        0  uartprotocol.o(i.WriteWord)
    WriteWord                                0x08002ff9   Thumb Code    62  uartprotocol.o(i.WriteWord)
    i.Writestr                               0x08003040   Section        0  uartprotocol.o(i.Writestr)
    Writestr                                 0x08003041   Thumb Code    48  uartprotocol.o(i.Writestr)
    i.ZeroDelay                              0x0800307c   Section        0  timer.o(i.ZeroDelay)
    i.__0sprintf$8                           0x08003098   Section        0  printf8.o(i.__0sprintf$8)
    i.__ARM_fpclassify                       0x080030c0   Section        0  fpclassify.o(i.__ARM_fpclassify)
    i.__aeabi_errno_addr                     0x080030e8   Section        0  errno.o(i.__aeabi_errno_addr)
    i.__ieee754_rem_pio2                     0x080030f0   Section        0  rred.o(i.__ieee754_rem_pio2)
    i.__kernel_cos                           0x08003478   Section        0  cos_i.o(i.__kernel_cos)
    i.__kernel_poly                          0x08003574   Section        0  poly.o(i.__kernel_poly)
    i.__kernel_sin                           0x08003620   Section        0  sin_i.o(i.__kernel_sin)
    i.__mathlib_dbl_divzero                  0x0800370c   Section        0  dunder.o(i.__mathlib_dbl_divzero)
    i.__mathlib_dbl_infnan                   0x0800371c   Section        0  dunder.o(i.__mathlib_dbl_infnan)
    i.__mathlib_dbl_infnan2                  0x08003722   Section        0  dunder.o(i.__mathlib_dbl_infnan2)
    i.__mathlib_dbl_invalid                  0x08003726   Section        0  dunder.o(i.__mathlib_dbl_invalid)
    i.__mathlib_dbl_overflow                 0x08003732   Section        0  dunder.o(i.__mathlib_dbl_overflow)
    i.__mathlib_dbl_underflow                0x08003740   Section        0  dunder.o(i.__mathlib_dbl_underflow)
    i.__scatterload_copy                     0x08003750   Section       14  handlers.o(i.__scatterload_copy)
    i.__scatterload_null                     0x0800375e   Section        2  handlers.o(i.__scatterload_null)
    i.__scatterload_zeroinit                 0x08003760   Section       14  handlers.o(i.__scatterload_zeroinit)
    i.__set_errno                            0x08003770   Section        0  errno.o(i.__set_errno)
    i._printf_core                           0x0800377c   Section        0  printf8.o(i._printf_core)
    _printf_core                             0x0800377d   Thumb Code   996  printf8.o(i._printf_core)
    i._printf_post_padding                   0x08003b8c   Section        0  printf8.o(i._printf_post_padding)
    _printf_post_padding                     0x08003b8d   Thumb Code    36  printf8.o(i._printf_post_padding)
    i._printf_pre_padding                    0x08003bb0   Section        0  printf8.o(i._printf_pre_padding)
    _printf_pre_padding                      0x08003bb1   Thumb Code    46  printf8.o(i._printf_pre_padding)
    i._sputc                                 0x08003bde   Section        0  printf8.o(i._sputc)
    _sputc                                   0x08003bdf   Thumb Code    10  printf8.o(i._sputc)
    i.aack                                   0x08003be8   Section        0  uartprotocol.o(i.aack)
    i.abs32                                  0x08003bf4   Section        0  pulse.o(i.abs32)
    i.ackpack                                0x08003c04   Section        0  uartprotocol.o(i.ackpack)
    i.calculate_delta                        0x08003c2c   Section        0  delta robot.o(i.calculate_delta)
    calculate_delta                          0x08003c2d   Thumb Code   426  delta robot.o(i.calculate_delta)
    i.cos                                    0x08003df8   Section        0  cos.o(i.cos)
    i.delay_init                             0x08003e94   Section        0  delay.o(i.delay_init)
    i.free                                   0x08003eb4   Section        0  malloc.o(i.free)
    i.getData                                0x08003f04   Section        0  wifi.o(i.getData)
    getData                                  0x08003f05   Thumb Code   148  wifi.o(i.getData)
    i.getbuff                                0x08003fb4   Section        0  uartprotocol.o(i.getbuff)
    getbuff                                  0x08003fb5   Thumb Code    12  uartprotocol.o(i.getbuff)
    i.getcmd                                 0x08003fc8   Section        0  uartprotocol.o(i.getcmd)
    getcmd                                   0x08003fc9   Thumb Code     6  uartprotocol.o(i.getcmd)
    i.getlen                                 0x08003fd4   Section        0  uartprotocol.o(i.getlen)
    getlen                                   0x08003fd5   Thumb Code     6  uartprotocol.o(i.getlen)
    i.getsendbuff                            0x08003fe0   Section        0  uartprotocol.o(i.getsendbuff)
    getsendbuff                              0x08003fe1   Thumb Code    12  uartprotocol.o(i.getsendbuff)
    i.isLink                                 0x08003ff4   Section        0  uartprotocol.o(i.isLink)
    i.isUse                                  0x08004008   Section        0  timer.o(i.isUse)
    i.main                                   0x08004024   Section        0  main.o(i.main)
    i.malloc                                 0x0800412c   Section        0  malloc.o(i.malloc)
    i.noack                                  0x08004198   Section        0  uartprotocol.o(i.noack)
    i.pow                                    0x080041a8   Section        0  pow.o(i.pow)
    i.recalc_delta_settings                  0x08004b80   Section        0  delta robot.o(i.recalc_delta_settings)
    recalc_delta_settings                    0x08004b81   Thumb Code   214  delta robot.o(i.recalc_delta_settings)
    i.sendServing                            0x08004c7c   Section        0  wifi.o(i.sendServing)
    i.sendackpacket                          0x08004dc4   Section        0  uartprotocol.o(i.sendackpacket)
    i.setData                                0x08004de8   Section        0  wifi.o(i.setData)
    setData                                  0x08004de9   Thumb Code   212  wifi.o(i.setData)
    i.sin                                    0x08004ed8   Section        0  sin.o(i.sin)
    i.sqrt                                   0x08004f78   Section        0  sqrt.o(i.sqrt)
    .constdata                               0x08004fc4   Section       24  uart.o(.constdata)
    .constdata                               0x08004fdc   Section      104  uartprotocol.o(.constdata)
    UD                                       0x08004fdc   Data          68  uartprotocol.o(.constdata)
    .constdata                               0x08005044   Section       40  timer.o(.constdata)
    .constdata                               0x0800506c   Section       56  wifi.o(.constdata)
    .constdata                               0x080050a4   Section       48  pulse.o(.constdata)
    .constdata                               0x080050d4   Section       16  delta robot.o(.constdata)
    .constdata                               0x080050e8   Section      136  pow.o(.constdata)
    bp                                       0x080050e8   Data          16  pow.o(.constdata)
    dp_h                                     0x080050f8   Data          16  pow.o(.constdata)
    dp_l                                     0x08005108   Data          16  pow.o(.constdata)
    L                                        0x08005118   Data          48  pow.o(.constdata)
    P                                        0x08005148   Data          40  pow.o(.constdata)
    .constdata                               0x08005170   Section       48  cos_i.o(.constdata)
    C                                        0x08005170   Data          48  cos_i.o(.constdata)
    .constdata                               0x080051a0   Section        8  qnan.o(.constdata)
    .constdata                               0x080051a8   Section      200  rred.o(.constdata)
    pio2s                                    0x080051a8   Data          48  rred.o(.constdata)
    twooverpi                                0x080051d8   Data         152  rred.o(.constdata)
    .constdata                               0x08005270   Section       40  sin_i.o(.constdata)
    S                                        0x08005270   Data          40  sin_i.o(.constdata)
    .constdata                               0x08005298   Section      129  ctype_o.o(.constdata)
    .constdata                               0x0800531c   Section        4  ctype_o.o(.constdata)
    table                                    0x0800531c   Data           4  ctype_o.o(.constdata)
    .data                                    0x20000000   Section        4  main.o(.data)
    .data                                    0x20000004   Section        4  delay.o(.data)
    fac_us                                   0x20000004   Data           1  delay.o(.data)
    fac_ms                                   0x20000006   Data           2  delay.o(.data)
    .data                                    0x20000008   Section        8  uart.o(.data)
    f                                        0x2000000c   Data           4  uart.o(.data)
    .data                                    0x20000010   Section       30  uartprotocol.o(.data)
    count                                    0x2000002c   Data           2  uartprotocol.o(.data)
    .data                                    0x20000030   Section       13  timer.o(.data)
    BIT                                      0x2000003c   Data           1  timer.o(.data)
    .data                                    0x2000003e   Section       42  wifi.o(.data)
    .data                                    0x20000068   Section       60  pulse.o(.data)
    s                                        0x20000090   Data           1  pulse.o(.data)
    .data                                    0x200000a4   Section       48  delta robot.o(.data)
    .data                                    0x200000d4   Section        4  mvars.o(.data)
    .data                                    0x200000d8   Section        4  mvars.o(.data)
    .data                                    0x200000dc   Section        4  errno.o(.data)
    _errno                                   0x200000dc   Data           4  errno.o(.data)
    .bss                                     0x200000e0   Section      128  uartprotocol.o(.bss)
    .bss                                     0x20000160   Section       96  timer.o(.bss)
    .bss                                     0x200001c0   Section      448  wifi.o(.bss)
    .bss                                     0x20000380   Section     6452  pulse.o(.bss)
    .bss                                     0x20001cb4   Section       24  delta robot.o(.bss)
    HEAP                                     0x20001cd0   Section      256  startup_stm32f10x_md.o(HEAP)
    STACK                                    0x20001dd0   Section     2048  startup_stm32f10x_md.o(STACK)

    Global Symbols

    Symbol Name                              Value     Ov Type        Size  Object(Section)

    BuildAttributes$$THM_ISAv4$P$D$K$B$S$PE$A:L22UL41UL21$X:L11$S22US41US21$IEEE1$IW$USESV6$~STKCKD$USESV7$~SHL$OTIME$ROPI$IEEEX$EBA8$MICROLIB$REQ8$EABIv2 0x00000000   Number         0  anon$$obj.o ABSOLUTE
    __ARM_use_no_argv                        0x00000000   Number         0  main.o ABSOLUTE
    _printf_a                                0x00000000   Number         0  stubs.o ABSOLUTE
    _printf_c                                0x00000000   Number         0  stubs.o ABSOLUTE
    _printf_charcount                        0x00000000   Number         0  stubs.o ABSOLUTE
    _printf_d                                0x00000000   Number         0  stubs.o ABSOLUTE
    _printf_e                                0x00000000   Number         0  stubs.o ABSOLUTE
    _printf_f                                0x00000000   Number         0  stubs.o ABSOLUTE
    _printf_flags                            0x00000000   Number         0  stubs.o ABSOLUTE
    _printf_fp_dec                           0x00000000   Number         0  stubs.o ABSOLUTE
    _printf_fp_hex                           0x00000000   Number         0  stubs.o ABSOLUTE
    _printf_g                                0x00000000   Number         0  stubs.o ABSOLUTE
    _printf_i                                0x00000000   Number         0  stubs.o ABSOLUTE
    _printf_int_dec                          0x00000000   Number         0  stubs.o ABSOLUTE
    _printf_l                                0x00000000   Number         0  stubs.o ABSOLUTE
    _printf_lc                               0x00000000   Number         0  stubs.o ABSOLUTE
    _printf_ll                               0x00000000   Number         0  stubs.o ABSOLUTE
    _printf_lld                              0x00000000   Number         0  stubs.o ABSOLUTE
    _printf_lli                              0x00000000   Number         0  stubs.o ABSOLUTE
    _printf_llo                              0x00000000   Number         0  stubs.o ABSOLUTE
    _printf_llu                              0x00000000   Number         0  stubs.o ABSOLUTE
    _printf_llx                              0x00000000   Number         0  stubs.o ABSOLUTE
    _printf_longlong_dec                     0x00000000   Number         0  stubs.o ABSOLUTE
    _printf_longlong_hex                     0x00000000   Number         0  stubs.o ABSOLUTE
    _printf_longlong_oct                     0x00000000   Number         0  stubs.o ABSOLUTE
    _printf_ls                               0x00000000   Number         0  stubs.o ABSOLUTE
    _printf_mbtowc                           0x00000000   Number         0  stubs.o ABSOLUTE
    _printf_n                                0x00000000   Number         0  stubs.o ABSOLUTE
    _printf_o                                0x00000000   Number         0  stubs.o ABSOLUTE
    _printf_p                                0x00000000   Number         0  stubs.o ABSOLUTE
    _printf_percent                          0x00000000   Number         0  stubs.o ABSOLUTE
    _printf_pre_padding                      0x00000000   Number         0  stubs.o ABSOLUTE
    _printf_return_value                     0x00000000   Number         0  stubs.o ABSOLUTE
    _printf_s                                0x00000000   Number         0  stubs.o ABSOLUTE
    _printf_sizespec                         0x00000000   Number         0  stubs.o ABSOLUTE
    _printf_str                              0x00000000   Number         0  stubs.o ABSOLUTE
    _printf_truncate_signed                  0x00000000   Number         0  stubs.o ABSOLUTE
    _printf_truncate_unsigned                0x00000000   Number         0  stubs.o ABSOLUTE
    _printf_u                                0x00000000   Number         0  stubs.o ABSOLUTE
    _printf_wc                               0x00000000   Number         0  stubs.o ABSOLUTE
    _printf_wctomb                           0x00000000   Number         0  stubs.o ABSOLUTE
    _printf_widthprec                        0x00000000   Number         0  stubs.o ABSOLUTE
    _printf_x                                0x00000000   Number         0  stubs.o ABSOLUTE
    __cpp_initialize__aeabi_                  - Undefined Weak Reference
    __cxa_finalize                            - Undefined Weak Reference
    __decompress                              - Undefined Weak Reference
    _clock_init                               - Undefined Weak Reference
    _microlib_exit                            - Undefined Weak Reference
    __Vectors_Size                           0x000000ec   Number         0  startup_stm32f10x_md.o ABSOLUTE
    __Vectors                                0x08000000   Data           4  startup_stm32f10x_md.o(RESET)
    __Vectors_End                            0x080000ec   Data           0  startup_stm32f10x_md.o(RESET)
    __main                                   0x080000ed   Thumb Code     0  entry.o(.ARM.Collect$$$$00000000)
    _main_stk                                0x080000ed   Thumb Code     0  entry2.o(.ARM.Collect$$$$00000001)
    _main_scatterload                        0x080000f1   Thumb Code     0  entry5.o(.ARM.Collect$$$$00000004)
    __main_after_scatterload                 0x080000f5   Thumb Code     0  entry5.o(.ARM.Collect$$$$00000004)
    _main_clock                              0x080000f5   Thumb Code     0  entry7b.o(.ARM.Collect$$$$00000008)
    _main_cpp_init                           0x080000f5   Thumb Code     0  entry8b.o(.ARM.Collect$$$$0000000A)
    _main_init                               0x080000f5   Thumb Code     0  entry9a.o(.ARM.Collect$$$$0000000B)
    __rt_final_cpp                           0x080000fd   Thumb Code     0  entry10a.o(.ARM.Collect$$$$0000000D)
    __rt_final_exit                          0x080000fd   Thumb Code     0  entry11a.o(.ARM.Collect$$$$0000000F)
    GetSP                                    0x08000101   Thumb Code     4  timer.o(.emb_text)
    GetBreakAddr                             0x08000105   Thumb Code    28  timer.o(.emb_text)
    Reset_Handler                            0x08000125   Thumb Code     4  startup_stm32f10x_md.o(.text)
    NMI_Handler                              0x08000129   Thumb Code     2  startup_stm32f10x_md.o(.text)
    HardFault_Handler                        0x0800012b   Thumb Code     2  startup_stm32f10x_md.o(.text)
    MemManage_Handler                        0x0800012d   Thumb Code     2  startup_stm32f10x_md.o(.text)
    BusFault_Handler                         0x0800012f   Thumb Code     2  startup_stm32f10x_md.o(.text)
    UsageFault_Handler                       0x08000131   Thumb Code     2  startup_stm32f10x_md.o(.text)
    SVC_Handler                              0x08000133   Thumb Code     2  startup_stm32f10x_md.o(.text)
    DebugMon_Handler                         0x08000135   Thumb Code     2  startup_stm32f10x_md.o(.text)
    PendSV_Handler                           0x08000137   Thumb Code     2  startup_stm32f10x_md.o(.text)
    ADC1_2_IRQHandler                        0x0800013b   Thumb Code     0  startup_stm32f10x_md.o(.text)
    CAN1_RX1_IRQHandler                      0x0800013b   Thumb Code     0  startup_stm32f10x_md.o(.text)
    CAN1_SCE_IRQHandler                      0x0800013b   Thumb Code     0  startup_stm32f10x_md.o(.text)
    DMA1_Channel1_IRQHandler                 0x0800013b   Thumb Code     0  startup_stm32f10x_md.o(.text)
    DMA1_Channel2_IRQHandler                 0x0800013b   Thumb Code     0  startup_stm32f10x_md.o(.text)
    DMA1_Channel3_IRQHandler                 0x0800013b   Thumb Code     0  startup_stm32f10x_md.o(.text)
    DMA1_Channel4_IRQHandler                 0x0800013b   Thumb Code     0  startup_stm32f10x_md.o(.text)
    DMA1_Channel5_IRQHandler                 0x0800013b   Thumb Code     0  startup_stm32f10x_md.o(.text)
    DMA1_Channel6_IRQHandler                 0x0800013b   Thumb Code     0  startup_stm32f10x_md.o(.text)
    DMA1_Channel7_IRQHandler                 0x0800013b   Thumb Code     0  startup_stm32f10x_md.o(.text)
    EXTI15_10_IRQHandler                     0x0800013b   Thumb Code     0  startup_stm32f10x_md.o(.text)
    EXTI3_IRQHandler                         0x0800013b   Thumb Code     0  startup_stm32f10x_md.o(.text)
    EXTI4_IRQHandler                         0x0800013b   Thumb Code     0  startup_stm32f10x_md.o(.text)
    EXTI9_5_IRQHandler                       0x0800013b   Thumb Code     0  startup_stm32f10x_md.o(.text)
    FLASH_IRQHandler                         0x0800013b   Thumb Code     0  startup_stm32f10x_md.o(.text)
    I2C1_ER_IRQHandler                       0x0800013b   Thumb Code     0  startup_stm32f10x_md.o(.text)
    I2C1_EV_IRQHandler                       0x0800013b   Thumb Code     0  startup_stm32f10x_md.o(.text)
    I2C2_ER_IRQHandler                       0x0800013b   Thumb Code     0  startup_stm32f10x_md.o(.text)
    I2C2_EV_IRQHandler                       0x0800013b   Thumb Code     0  startup_stm32f10x_md.o(.text)
    PVD_IRQHandler                           0x0800013b   Thumb Code     0  startup_stm32f10x_md.o(.text)
    RCC_IRQHandler                           0x0800013b   Thumb Code     0  startup_stm32f10x_md.o(.text)
    RTCAlarm_IRQHandler                      0x0800013b   Thumb Code     0  startup_stm32f10x_md.o(.text)
    RTC_IRQHandler                           0x0800013b   Thumb Code     0  startup_stm32f10x_md.o(.text)
    SPI1_IRQHandler                          0x0800013b   Thumb Code     0  startup_stm32f10x_md.o(.text)
    SPI2_IRQHandler                          0x0800013b   Thumb Code     0  startup_stm32f10x_md.o(.text)
    TAMPER_IRQHandler                        0x0800013b   Thumb Code     0  startup_stm32f10x_md.o(.text)
    TIM1_BRK_IRQHandler                      0x0800013b   Thumb Code     0  startup_stm32f10x_md.o(.text)
    TIM1_CC_IRQHandler                       0x0800013b   Thumb Code     0  startup_stm32f10x_md.o(.text)
    TIM1_TRG_COM_IRQHandler                  0x0800013b   Thumb Code     0  startup_stm32f10x_md.o(.text)
    TIM1_UP_IRQHandler                       0x0800013b   Thumb Code     0  startup_stm32f10x_md.o(.text)
    TIM2_IRQHandler                          0x0800013b   Thumb Code     0  startup_stm32f10x_md.o(.text)
    TIM4_IRQHandler                          0x0800013b   Thumb Code     0  startup_stm32f10x_md.o(.text)
    USART2_IRQHandler                        0x0800013b   Thumb Code     0  startup_stm32f10x_md.o(.text)
    USART3_IRQHandler                        0x0800013b   Thumb Code     0  startup_stm32f10x_md.o(.text)
    USBWakeUp_IRQHandler                     0x0800013b   Thumb Code     0  startup_stm32f10x_md.o(.text)
    USB_HP_CAN1_TX_IRQHandler                0x0800013b   Thumb Code     0  startup_stm32f10x_md.o(.text)
    USB_LP_CAN1_RX0_IRQHandler               0x0800013b   Thumb Code     0  startup_stm32f10x_md.o(.text)
    WWDG_IRQHandler                          0x0800013b   Thumb Code     0  startup_stm32f10x_md.o(.text)
    __aeabi_memcpy                           0x08000141   Thumb Code    36  memcpya.o(.text)
    __aeabi_memcpy4                          0x08000141   Thumb Code     0  memcpya.o(.text)
    __aeabi_memcpy8                          0x08000141   Thumb Code     0  memcpya.o(.text)
    __aeabi_memset                           0x08000165   Thumb Code    14  memseta.o(.text)
    __aeabi_memset4                          0x08000165   Thumb Code     0  memseta.o(.text)
    __aeabi_memset8                          0x08000165   Thumb Code     0  memseta.o(.text)
    __aeabi_memclr                           0x08000173   Thumb Code     4  memseta.o(.text)
    __aeabi_memclr4                          0x08000173   Thumb Code     0  memseta.o(.text)
    __aeabi_memclr8                          0x08000173   Thumb Code     0  memseta.o(.text)
    _memset$wrapper                          0x08000177   Thumb Code    18  memseta.o(.text)
    strcat                                   0x08000189   Thumb Code    24  strcat.o(.text)
    strstr                                   0x080001a1   Thumb Code    36  strstr.o(.text)
    atoi                                     0x080001c5   Thumb Code    26  atoi.o(.text)
    __aeabi_fadd                             0x080001df   Thumb Code   164  fadd.o(.text)
    __aeabi_fsub                             0x08000283   Thumb Code     6  fadd.o(.text)
    __aeabi_frsub                            0x08000289   Thumb Code     6  fadd.o(.text)
    __aeabi_fmul                             0x0800028f   Thumb Code   100  fmul.o(.text)
    __aeabi_fdiv                             0x080002f3   Thumb Code   124  fdiv.o(.text)
    __aeabi_dadd                             0x0800036f   Thumb Code   322  dadd.o(.text)
    __aeabi_dsub                             0x080004b1   Thumb Code     6  dadd.o(.text)
    __aeabi_drsub                            0x080004b7   Thumb Code     6  dadd.o(.text)
    __aeabi_dmul                             0x080004bd   Thumb Code   228  dmul.o(.text)
    __aeabi_ddiv                             0x080005a1   Thumb Code   222  ddiv.o(.text)
    __aeabi_i2f                              0x0800067f   Thumb Code    18  fflti.o(.text)
    __aeabi_ui2f                             0x08000691   Thumb Code    10  ffltui.o(.text)
    __aeabi_i2d                              0x0800069b   Thumb Code    34  dflti.o(.text)
    __aeabi_f2iz                             0x080006bd   Thumb Code    50  ffixi.o(.text)
    __aeabi_d2iz                             0x080006ef   Thumb Code    62  dfixi.o(.text)
    __aeabi_f2d                              0x0800072d   Thumb Code    38  f2d.o(.text)
    __aeabi_cdcmpeq                          0x08000755   Thumb Code     0  cdcmple.o(.text)
    __aeabi_cdcmple                          0x08000755   Thumb Code    48  cdcmple.o(.text)
    __aeabi_d2f                              0x08000785   Thumb Code    56  d2f.o(.text)
    __aeabi_cfcmpeq                          0x080007bd   Thumb Code     0  cfcmple.o(.text)
    __aeabi_cfcmple                          0x080007bd   Thumb Code    20  cfcmple.o(.text)
    __aeabi_cfrcmple                         0x080007d1   Thumb Code    20  cfrcmple.o(.text)
    __aeabi_uldivmod                         0x080007e5   Thumb Code    98  uldiv.o(.text)
    __aeabi_llsl                             0x08000847   Thumb Code    30  llshl.o(.text)
    _ll_shift_l                              0x08000847   Thumb Code     0  llshl.o(.text)
    __aeabi_llsr                             0x08000865   Thumb Code    32  llushr.o(.text)
    _ll_ushift_r                             0x08000865   Thumb Code     0  llushr.o(.text)
    __aeabi_lasr                             0x08000885   Thumb Code    36  llsshr.o(.text)
    _ll_sshift_r                             0x08000885   Thumb Code     0  llsshr.o(.text)
    strtol                                   0x080008a9   Thumb Code   112  strtol.o(.text)
    __I$use$fp                               0x08000919   Thumb Code     0  iusefp.o(.text)
    _float_round                             0x08000919   Thumb Code    18  fepilogue.o(.text)
    _float_epilogue                          0x0800092b   Thumb Code    92  fepilogue.o(.text)
    _double_round                            0x08000987   Thumb Code    30  depilogue.o(.text)
    _double_epilogue                         0x080009a5   Thumb Code   156  depilogue.o(.text)
    __ARM_scalbn                             0x08000a41   Thumb Code    46  dscalb.o(.text)
    scalbn                                   0x08000a41   Thumb Code     0  dscalb.o(.text)
    _dsqrt                                   0x08000a6f   Thumb Code   162  dsqrt.o(.text)
    __aeabi_cdrcmple                         0x08000b11   Thumb Code    48  cdrcmple.o(.text)
    __scatterload                            0x08000b41   Thumb Code    28  init.o(.text)
    __scatterload_rt2                        0x08000b41   Thumb Code     0  init.o(.text)
    __rt_ctype_table                         0x08000b65   Thumb Code     4  ctype_o.o(.text)
    _strtoul                                 0x08000b6d   Thumb Code   158  _strtoul.o(.text)
    __aeabi_ui2d                             0x08000c0b   Thumb Code    26  dfltui.o(.text)
    _chval                                   0x08000c25   Thumb Code    28  _chval.o(.text)
    AddDelay                                 0x08000c41   Thumb Code    36  timer.o(i.AddDelay)
    AliveEvent                               0x08000c6d   Thumb Code   372  wifi.o(i.AliveEvent)
    CallFun                                  0x080013a1   Thumb Code     8  timer.o(i.CallFun)
    DeErrEvent                               0x08001505   Thumb Code   342  wifi.o(i.DeErrEvent)
    Delay                                    0x08001671   Thumb Code    58  timer.o(i.Delay)
    EXTI0_IRQHandler                         0x080016d5   Thumb Code    32  pulse.o(i.EXTI0_IRQHandler)
    EXTI1_IRQHandler                         0x08001705   Thumb Code    32  pulse.o(i.EXTI1_IRQHandler)
    EXTI2_IRQHandler                         0x08001735   Thumb Code    32  pulse.o(i.EXTI2_IRQHandler)
    Ex_NVIC_Config                           0x08001765   Thumb Code   146  sys.o(i.Ex_NVIC_Config)
    GetDataEvent                             0x08001889   Thumb Code   136  main.o(i.GetDataEvent)
    InitTimer                                0x08001ae5   Thumb Code    44  timer.o(i.InitTimer)
    JTAG_Set                                 0x08001b11   Thumb Code    38  sys.o(i.JTAG_Set)
    KillThisTimer                            0x08001b41   Thumb Code    34  timer.o(i.KillThisTimer)
    KillTimer                                0x08001b6d   Thumb Code    32  timer.o(i.KillTimer)
    MYRCC_DeInit                             0x08001b91   Thumb Code    90  sys.o(i.MYRCC_DeInit)
    MY_NVIC_Init                             0x08001bf9   Thumb Code   106  sys.o(i.MY_NVIC_Init)
    MY_NVIC_PriorityGroupConfig              0x08001c6d   Thumb Code    32  sys.o(i.MY_NVIC_PriorityGroupConfig)
    MY_NVIC_SetVectorTable                   0x08001c95   Thumb Code    12  sys.o(i.MY_NVIC_SetVectorTable)
    OnRecvData                               0x08001ca9   Thumb Code   320  uartprotocol.o(i.OnRecvData)
    QueueIn                                  0x08001e09   Thumb Code    72  pulse.o(i.QueueIn)
    QueueInit                                0x08001e51   Thumb Code    10  pulse.o(i.QueueInit)
    QueueOut                                 0x08001e5b   Thumb Code    66  pulse.o(i.QueueOut)
    QueueOutSetting                          0x08001e9d   Thumb Code    16  pulse.o(i.QueueOutSetting)
    RegisterCmdEvent                         0x08002001   Thumb Code     8  uartprotocol.o(i.RegisterCmdEvent)
    SendCmdPack                              0x08002075   Thumb Code    62  uartprotocol.o(i.SendCmdPack)
    SendMeIPEvent                            0x080020b9   Thumb Code    84  wifi.o(i.SendMeIPEvent)
    SendPack                                 0x08002129   Thumb Code    94  uartprotocol.o(i.SendPack)
    SetDataEvent                             0x0800218d   Thumb Code   584  main.o(i.SetDataEvent)
    SetDelay                                 0x080023fd   Thumb Code    16  timer.o(i.SetDelay)
    SetTimer                                 0x0800248d   Thumb Code    86  timer.o(i.SetTimer)
    Stm32_Clock_Init                         0x08002689   Thumb Code   134  sys.o(i.Stm32_Clock_Init)
    SysTick_Handler                          0x08002735   Thumb Code    62  timer.o(i.SysTick_Handler)
    TIM3_IRQHandler                          0x0800277d   Thumb Code   822  pulse.o(i.TIM3_IRQHandler)
    TimerRun                                 0x08002b45   Thumb Code   190  timer.o(i.TimerRun)
    UART_Init                                0x08002c19   Thumb Code   160  uart.o(i.UART_Init)
    UART_OnRecv                              0x08002cd9   Thumb Code     6  uart.o(i.UART_OnRecv)
    UART_ReSetBps                            0x08002ce5   Thumb Code    86  uart.o(i.UART_ReSetBps)
    UART_SendBuff                            0x08002d45   Thumb Code    34  uart.o(i.UART_SendBuff)
    UART_SendByte                            0x08002d69   Thumb Code    22  uart.o(i.UART_SendByte)
    UART_SendString                          0x08002d85   Thumb Code    30  uart.o(i.UART_SendString)
    USART1_IRQHandler                        0x08002da5   Thumb Code    24  uart.o(i.USART1_IRQHandler)
    UartCmd                                  0x08002dc5   Thumb Code   136  uartprotocol.o(i.UartCmd)
    UnRegisterCmdEvent                       0x08002e71   Thumb Code    38  uartprotocol.o(i.UnRegisterCmdEvent)
    ZeroDelay                                0x0800307d   Thumb Code    20  timer.o(i.ZeroDelay)
    __0sprintf$8                             0x08003099   Thumb Code    34  printf8.o(i.__0sprintf$8)
    __1sprintf$8                             0x08003099   Thumb Code     0  printf8.o(i.__0sprintf$8)
    __2sprintf                               0x08003099   Thumb Code     0  printf8.o(i.__0sprintf$8)
    __ARM_fpclassify                         0x080030c1   Thumb Code    40  fpclassify.o(i.__ARM_fpclassify)
    __aeabi_errno_addr                       0x080030e9   Thumb Code     4  errno.o(i.__aeabi_errno_addr)
    __rt_errno_addr                          0x080030e9   Thumb Code     0  errno.o(i.__aeabi_errno_addr)
    __ieee754_rem_pio2                       0x080030f1   Thumb Code   828  rred.o(i.__ieee754_rem_pio2)
    __kernel_cos                             0x08003479   Thumb Code   230  cos_i.o(i.__kernel_cos)
    __kernel_poly                            0x08003575   Thumb Code   170  poly.o(i.__kernel_poly)
    __kernel_sin                             0x08003621   Thumb Code   224  sin_i.o(i.__kernel_sin)
    __mathlib_dbl_divzero                    0x0800370d   Thumb Code    12  dunder.o(i.__mathlib_dbl_divzero)
    __mathlib_dbl_infnan                     0x0800371d   Thumb Code     6  dunder.o(i.__mathlib_dbl_infnan)
    __mathlib_dbl_infnan2                    0x08003723   Thumb Code     4  dunder.o(i.__mathlib_dbl_infnan2)
    __mathlib_dbl_invalid                    0x08003727   Thumb Code    12  dunder.o(i.__mathlib_dbl_invalid)
    __mathlib_dbl_overflow                   0x08003733   Thumb Code    14  dunder.o(i.__mathlib_dbl_overflow)
    __mathlib_dbl_underflow                  0x08003741   Thumb Code    10  dunder.o(i.__mathlib_dbl_underflow)
    __scatterload_copy                       0x08003751   Thumb Code    14  handlers.o(i.__scatterload_copy)
    __scatterload_null                       0x0800375f   Thumb Code     2  handlers.o(i.__scatterload_null)
    __scatterload_zeroinit                   0x08003761   Thumb Code    14  handlers.o(i.__scatterload_zeroinit)
    __set_errno                              0x08003771   Thumb Code     6  errno.o(i.__set_errno)
    aack                                     0x08003be9   Thumb Code     6  uartprotocol.o(i.aack)
    abs32                                    0x08003bf5   Thumb Code    14  pulse.o(i.abs32)
    ackpack                                  0x08003c05   Thumb Code    30  uartprotocol.o(i.ackpack)
    cos                                      0x08003df9   Thumb Code   148  cos.o(i.cos)
    delay_init                               0x08003e95   Thumb Code    24  delay.o(i.delay_init)
    free                                     0x08003eb5   Thumb Code    76  malloc.o(i.free)
    isLink                                   0x08003ff5   Thumb Code    14  uartprotocol.o(i.isLink)
    isUse                                    0x08004009   Thumb Code    22  timer.o(i.isUse)
    main                                     0x08004025   Thumb Code   224  main.o(i.main)
    malloc                                   0x0800412d   Thumb Code    92  malloc.o(i.malloc)
    noack                                    0x08004199   Thumb Code    12  uartprotocol.o(i.noack)
    pow                                      0x080041a9   Thumb Code  2512  pow.o(i.pow)
    sendServing                              0x08004c7d   Thumb Code   270  wifi.o(i.sendServing)
    sendackpacket                            0x08004dc5   Thumb Code    28  uartprotocol.o(i.sendackpacket)
    sin                                      0x08004ed9   Thumb Code   150  sin.o(i.sin)
    sqrt                                     0x08004f79   Thumb Code    76  sqrt.o(i.sqrt)
    UART                                     0x08004fc4   Data          24  uart.o(.constdata)
    UartProtocol                             0x08005020   Data          36  uartprotocol.o(.constdata)
    Timer                                    0x08005044   Data          40  timer.o(.constdata)
    wifi                                     0x0800506c   Data          56  wifi.o(.constdata)
    Axis                                     0x080050a4   Data          48  pulse.o(.constdata)
    Delta                                    0x080050d4   Data          16  delta robot.o(.constdata)
    __mathlib_zero                           0x080051a0   Data           8  qnan.o(.constdata)
    __ctype_table                            0x08005298   Data         129  ctype_o.o(.constdata)
    Region$$Table$$Base                      0x08005320   Number         0  anon$$obj.o(Region$$Table)
    Region$$Table$$Limit                     0x08005340   Number         0  anon$$obj.o(Region$$Table)
    bufF                                     0x20000000   Data           2  main.o(.data)
    lastid                                   0x20000002   Data           1  main.o(.data)
    o                                        0x20000003   Data           1  main.o(.data)
    OnRecv                                   0x20000008   Data           4  uart.o(.data)
    packlen                                  0x20000010   Data           2  uartprotocol.o(.data)
    packbuff                                 0x20000014   Data           4  uartprotocol.o(.data)
    sendbuff                                 0x20000018   Data           4  uartprotocol.o(.data)
    recvmode                                 0x2000001c   Data           1  uartprotocol.o(.data)
    RecvFlag                                 0x2000001d   Data           1  uartprotocol.o(.data)
    RecvCheck                                0x2000001e   Data           1  uartprotocol.o(.data)
    TimeOut                                  0x2000001f   Data           1  uartprotocol.o(.data)
    LinkTimeOut                              0x20000020   Data           2  uartprotocol.o(.data)
    recvcmd                                  0x20000022   Data           1  uartprotocol.o(.data)
    savecmd                                  0x20000023   Data           1  uartprotocol.o(.data)
    AutoACK                                  0x20000024   Data           1  uartprotocol.o(.data)
    recvdatapos                              0x20000026   Data           2  uartprotocol.o(.data)
    senddatapos                              0x20000028   Data           2  uartprotocol.o(.data)
    decodeErrlen                             0x2000002a   Data           2  uartprotocol.o(.data)
    this                                     0x20000030   Data           1  timer.o(.data)
    TimerUse                                 0x20000031   Data           1  timer.o(.data)
    InputSP                                  0x20000034   Data           4  timer.o(.data)
    TimerTick                                0x20000038   Data           4  timer.o(.data)
    recvID                                   0x2000003e   Data           1  wifi.o(.data)
    retRecvID                                0x2000003f   Data           1  wifi.o(.data)
    recvarrayid                              0x20000040   Data           3  wifi.o(.data)
    recvdatalen                              0x20000044   Data           6  wifi.o(.data)
    recvdatabit                              0x2000004a   Data           3  wifi.o(.data)
    sendID                                   0x2000004d   Data           1  wifi.o(.data)
    retSendID                                0x2000004e   Data           1  wifi.o(.data)
    sendarrayid                              0x2000004f   Data           4  wifi.o(.data)
    senddatalen                              0x20000054   Data           6  wifi.o(.data)
    senddatabit                              0x2000005a   Data           3  wifi.o(.data)
    remoteDevCount                           0x2000005d   Data           1  wifi.o(.data)
    SeleRemoteDev                            0x2000005e   Data           1  wifi.o(.data)
    sendIP                                   0x2000005f   Data           4  wifi.o(.data)
    scannCount                               0x20000063   Data           1  wifi.o(.data)
    GetIPID                                  0x20000064   Data           1  wifi.o(.data)
    scannBut                                 0x20000065   Data           1  wifi.o(.data)
    countScann                               0x20000066   Data           1  wifi.o(.data)
    countip                                  0x20000067   Data           1  wifi.o(.data)
    X                                        0x20000068   Data           4  pulse.o(.data)
    Y                                        0x2000006c   Data           4  pulse.o(.data)
    Z                                        0x20000070   Data           4  pulse.o(.data)
    MAXF                                     0x20000074   Data           4  pulse.o(.data)
    MAXQ                                     0x20000078   Data           1  pulse.o(.data)
    run                                      0x20000079   Data           1  pulse.o(.data)
    Conversion                               0x2000007c   Data           4  pulse.o(.data)
    feedrate                                 0x20000080   Data           4  pulse.o(.data)
    feedmultiply                             0x20000084   Data           4  pulse.o(.data)
    dirMove                                  0x20000088   Data           1  pulse.o(.data)
    moveDis                                  0x2000008c   Data           4  pulse.o(.data)
    Constatus                                0x20000091   Data           1  pulse.o(.data)
    resetxyz                                 0x20000092   Data           1  pulse.o(.data)
    xre                                      0x20000093   Data           1  pulse.o(.data)
    yre                                      0x20000094   Data           1  pulse.o(.data)
    zre                                      0x20000095   Data           1  pulse.o(.data)
    minerr                                   0x20000098   Data          12  pulse.o(.data)
    height                                   0x200000a4   Data           4  delta robot.o(.data)
    DELTA_DIAGONAL_ROD                       0x200000a8   Data           4  delta robot.o(.data)
    DELTA_SMOOTH_ROD_OFFSET                  0x200000ac   Data           4  delta robot.o(.data)
    DELTA_EFFECTOR_OFFSET                    0x200000b0   Data           4  delta robot.o(.data)
    DELTA_CARRIAGE_OFFSET                    0x200000b4   Data           4  delta robot.o(.data)
    delta_tower1_x                           0x200000b8   Data           4  delta robot.o(.data)
    delta_tower1_y                           0x200000bc   Data           4  delta robot.o(.data)
    delta_tower2_x                           0x200000c0   Data           4  delta robot.o(.data)
    delta_tower2_y                           0x200000c4   Data           4  delta robot.o(.data)
    delta_tower3_x                           0x200000c8   Data           4  delta robot.o(.data)
    delta_tower3_y                           0x200000cc   Data           4  delta robot.o(.data)
    delta_diagonal_rod_2                     0x200000d0   Data           4  delta robot.o(.data)
    __microlib_freelist                      0x200000d4   Data           4  mvars.o(.data)
    __microlib_freelist_initialised          0x200000d8   Data           4  mvars.o(.data)
    UartCmdEvent                             0x200000e0   Data          64  uartprotocol.o(.bss)
    buffdata                                 0x20000120   Data          64  uartprotocol.o(.bss)
    TimerList                                0x20000160   Data          96  timer.o(.bss)
    recvarraydata                            0x200001c0   Data          12  wifi.o(.bss)
    sendarraydata                            0x200001cc   Data          12  wifi.o(.bss)
    remoteDev                                0x200001d8   Data         384  wifi.o(.bss)
    meDev                                    0x20000358   Data          24  wifi.o(.bss)
    sendIPstr                                0x20000370   Data          16  wifi.o(.bss)
    QueueAxis                                0x20000380   Data        6408  pulse.o(.bss)
    JQ                                       0x20001c88   Data          12  pulse.o(.bss)
    axis                                     0x20001c94   Data          32  pulse.o(.bss)
    delta                                    0x20001cb4   Data          12  delta robot.o(.bss)
    deltaZ                                   0x20001cc0   Data          12  delta robot.o(.bss)
    __heap_base                              0x20001cd0   Data           0  startup_stm32f10x_md.o(HEAP)
    __heap_limit                             0x20001dd0   Data           0  startup_stm32f10x_md.o(HEAP)
    __initial_sp                             0x200025d0   Data           0  startup_stm32f10x_md.o(STACK)



==============================================================================

Memory Map of the image

  Image Entry point : 0x080000ed

  Load Region LR_IROM1 (Base: 0x08000000, Size: 0x00005420, Max: 0x00100000, ABSOLUTE)

    Execution Region ER_IROM1 (Base: 0x08000000, Size: 0x00005340, Max: 0x00100000, ABSOLUTE)

    Base Addr    Size         Type   Attr      Idx    E Section Name        Object

    0x08000000   0x000000ec   Data   RO           94    RESET               startup_stm32f10x_md.o
    0x080000ec   0x00000000   Code   RO         1880  * .ARM.Collect$$$$00000000  mc_w.l(entry.o)
    0x080000ec   0x00000004   Code   RO         2265    .ARM.Collect$$$$00000001  mc_w.l(entry2.o)
    0x080000f0   0x00000004   Code   RO         2268    .ARM.Collect$$$$00000004  mc_w.l(entry5.o)
    0x080000f4   0x00000000   Code   RO         2270    .ARM.Collect$$$$00000008  mc_w.l(entry7b.o)
    0x080000f4   0x00000000   Code   RO         2272    .ARM.Collect$$$$0000000A  mc_w.l(entry8b.o)
    0x080000f4   0x00000008   Code   RO         2273    .ARM.Collect$$$$0000000B  mc_w.l(entry9a.o)
    0x080000fc   0x00000000   Code   RO         2275    .ARM.Collect$$$$0000000D  mc_w.l(entry10a.o)
    0x080000fc   0x00000000   Code   RO         2277    .ARM.Collect$$$$0000000F  mc_w.l(entry11a.o)
    0x080000fc   0x00000004   Code   RO         2266    .ARM.Collect$$$$00002712  mc_w.l(entry2.o)
    0x08000100   0x00000024   Code   RO          584    .emb_text           timer.o
    0x08000124   0x0000001c   Code   RO           95    .text               startup_stm32f10x_md.o
    0x08000140   0x00000024   Code   RO         1885    .text               mc_w.l(memcpya.o)
    0x08000164   0x00000024   Code   RO         1887    .text               mc_w.l(memseta.o)
    0x08000188   0x00000018   Code   RO         1889    .text               mc_w.l(strcat.o)
    0x080001a0   0x00000024   Code   RO         1891    .text               mc_w.l(strstr.o)
    0x080001c4   0x0000001a   Code   RO         2186    .text               mc_w.l(atoi.o)
    0x080001de   0x000000b0   Code   RO         2188    .text               mf_w.l(fadd.o)
    0x0800028e   0x00000064   Code   RO         2190    .text               mf_w.l(fmul.o)
    0x080002f2   0x0000007c   Code   RO         2192    .text               mf_w.l(fdiv.o)
    0x0800036e   0x0000014e   Code   RO         2194    .text               mf_w.l(dadd.o)
    0x080004bc   0x000000e4   Code   RO         2196    .text               mf_w.l(dmul.o)
    0x080005a0   0x000000de   Code   RO         2198    .text               mf_w.l(ddiv.o)
    0x0800067e   0x00000012   Code   RO         2200    .text               mf_w.l(fflti.o)
    0x08000690   0x0000000a   Code   RO         2202    .text               mf_w.l(ffltui.o)
    0x0800069a   0x00000022   Code   RO         2204    .text               mf_w.l(dflti.o)
    0x080006bc   0x00000032   Code   RO         2206    .text               mf_w.l(ffixi.o)
    0x080006ee   0x0000003e   Code   RO         2210    .text               mf_w.l(dfixi.o)
    0x0800072c   0x00000026   Code   RO         2212    .text               mf_w.l(f2d.o)
    0x08000752   0x00000002   PAD
    0x08000754   0x00000030   Code   RO         2214    .text               mf_w.l(cdcmple.o)
    0x08000784   0x00000038   Code   RO         2216    .text               mf_w.l(d2f.o)
    0x080007bc   0x00000014   Code   RO         2218    .text               mf_w.l(cfcmple.o)
    0x080007d0   0x00000014   Code   RO         2220    .text               mf_w.l(cfrcmple.o)
    0x080007e4   0x00000062   Code   RO         2284    .text               mc_w.l(uldiv.o)
    0x08000846   0x0000001e   Code   RO         2286    .text               mc_w.l(llshl.o)
    0x08000864   0x00000020   Code   RO         2288    .text               mc_w.l(llushr.o)
    0x08000884   0x00000024   Code   RO         2290    .text               mc_w.l(llsshr.o)
    0x080008a8   0x00000070   Code   RO         2301    .text               mc_w.l(strtol.o)
    0x08000918   0x00000000   Code   RO         2303    .text               mc_w.l(iusefp.o)
    0x08000918   0x0000006e   Code   RO         2304    .text               mf_w.l(fepilogue.o)
    0x08000986   0x000000ba   Code   RO         2306    .text               mf_w.l(depilogue.o)
    0x08000a40   0x0000002e   Code   RO         2308    .text               mf_w.l(dscalb.o)
    0x08000a6e   0x000000a2   Code   RO         2310    .text               mf_w.l(dsqrt.o)
    0x08000b10   0x00000030   Code   RO         2314    .text               mf_w.l(cdrcmple.o)
    0x08000b40   0x00000024   Code   RO         2316    .text               mc_w.l(init.o)
    0x08000b64   0x00000008   Code   RO         2319    .text               mc_w.l(ctype_o.o)
    0x08000b6c   0x0000009e   Code   RO         2347    .text               mc_w.l(_strtoul.o)
    0x08000c0a   0x0000001a   Code   RO         2350    .text               mf_w.l(dfltui.o)
    0x08000c24   0x0000001c   Code   RO         2352    .text               mc_w.l(_chval.o)
    0x08000c40   0x0000002c   Code   RO          585    i.AddDelay          timer.o
    0x08000c6c   0x0000018c   Code   RO         1450    i.AliveEvent        wifi.o
    0x08000df8   0x000000f4   Code   RO         1636    i.AxisBuffInmm      pulse.o
    0x08000eec   0x00000134   Code   RO         1637    i.AxisDirMove       pulse.o
    0x08001020   0x00000270   Code   RO         1638    i.AxisGcode         pulse.o
    0x08001290   0x00000110   Code   RO         1639    i.AxisGomm          pulse.o
    0x080013a0   0x00000008   Code   RO          586    i.CallFun           timer.o
    0x080013a8   0x0000001c   Code   RO         1640    i.ClearXYZ          pulse.o
    0x080013c4   0x0000004c   Code   RO         1641    i.ConXYZ            pulse.o
    0x08001410   0x00000044   Code   RO         1451    i.ConnectSend       wifi.o
    0x08001454   0x000000b0   Code   RO         1452    i.ConnectSendCode   wifi.o
    0x08001504   0x0000016c   Code   RO         1453    i.DeErrEvent        wifi.o
    0x08001670   0x00000044   Code   RO          587    i.Delay             timer.o
    0x080016b4   0x00000020   Code   RO         1642    i.DownXYZ           pulse.o
    0x080016d4   0x00000030   Code   RO         1643    i.EXTI0_IRQHandler  pulse.o
    0x08001704   0x00000030   Code   RO         1644    i.EXTI1_IRQHandler  pulse.o
    0x08001734   0x00000030   Code   RO         1645    i.EXTI2_IRQHandler  pulse.o
    0x08001764   0x000000a0   Code   RO          150    i.Ex_NVIC_Config    sys.o
    0x08001804   0x00000084   Code   RO         1646    i.ExtiInit          pulse.o
    0x08001888   0x0000009c   Code   RO            1    i.GetDataEvent      main.o
    0x08001924   0x00000050   Code   RO         1454    i.GetIPIDCmd        wifi.o
    0x08001974   0x0000000c   Code   RO         1455    i.GetIPIDStart      wifi.o
    0x08001980   0x0000005c   Code   RO         1647    i.IOInit            pulse.o
    0x080019dc   0x00000040   Code   RO          414    i.Init              uartprotocol.o
    0x08001a1c   0x00000010   Code   RO         1456    i.Init              wifi.o
    0x08001a2c   0x00000038   Code   RO         1648    i.Init              pulse.o
    0x08001a64   0x00000080   Code   RO         1794    i.Init              delta robot.o
    0x08001ae4   0x0000002c   Code   RO          588    i.InitTimer         timer.o
    0x08001b10   0x00000030   Code   RO          151    i.JTAG_Set          sys.o
    0x08001b40   0x0000002c   Code   RO          589    i.KillThisTimer     timer.o
    0x08001b6c   0x00000024   Code   RO          590    i.KillTimer         timer.o
    0x08001b90   0x00000068   Code   RO          152    i.MYRCC_DeInit      sys.o
    0x08001bf8   0x00000074   Code   RO          153    i.MY_NVIC_Init      sys.o
    0x08001c6c   0x00000028   Code   RO          154    i.MY_NVIC_PriorityGroupConfig  sys.o
    0x08001c94   0x00000014   Code   RO          155    i.MY_NVIC_SetVectorTable  sys.o
    0x08001ca8   0x00000160   Code   RO          415    i.OnRecvData        uartprotocol.o
    0x08001e08   0x00000048   Code   RO         1649    i.QueueIn           pulse.o
    0x08001e50   0x0000000a   Code   RO         1650    i.QueueInit         pulse.o
    0x08001e5a   0x00000042   Code   RO         1651    i.QueueOut          pulse.o
    0x08001e9c   0x00000018   Code   RO         1652    i.QueueOutSetting   pulse.o
    0x08001eb4   0x00000050   Code   RO          416    i.ReadBuff          uartprotocol.o
    0x08001f04   0x00000034   Code   RO          417    i.ReadByte          uartprotocol.o
    0x08001f38   0x00000078   Code   RO          418    i.ReadDWord         uartprotocol.o
    0x08001fb0   0x00000050   Code   RO          419    i.ReadWord          uartprotocol.o
    0x08002000   0x0000000c   Code   RO          420    i.RegisterCmdEvent  uartprotocol.o
    0x0800200c   0x0000001c   Code   RO         1653    i.ResetXYZ          pulse.o
    0x08002028   0x0000002c   Code   RO         1457    i.ScannCmd          wifi.o
    0x08002054   0x00000020   Code   RO         1458    i.ScannStart        wifi.o
    0x08002074   0x00000044   Code   RO          421    i.SendCmdPack       uartprotocol.o
    0x080020b8   0x00000070   Code   RO         1459    i.SendMeIPEvent     wifi.o
    0x08002128   0x00000064   Code   RO          422    i.SendPack          uartprotocol.o
    0x0800218c   0x00000270   Code   RO            2    i.SetDataEvent      main.o
    0x080023fc   0x00000018   Code   RO          591    i.SetDelay          timer.o
    0x08002414   0x0000002c   Code   RO         1654    i.SetDir            pulse.o
    0x08002440   0x00000020   Code   RO         1655    i.SetF              pulse.o
    0x08002460   0x0000002c   Code   RO         1656    i.SetIO             pulse.o
    0x0800248c   0x00000060   Code   RO          592    i.SetTimer          timer.o
    0x080024ec   0x000000e4   Code   RO         1657    i.SetXYZ            pulse.o
    0x080025d0   0x00000018   Code   RO          423    i.Setoffset         uartprotocol.o
    0x080025e8   0x00000044   Code   RO         1795    i.Setting           delta robot.o
    0x0800262c   0x0000005c   Code   RO         1658    i.Start             pulse.o
    0x08002688   0x00000090   Code   RO          156    i.Stm32_Clock_Init  sys.o
    0x08002718   0x0000001c   Code   RO         1659    i.Stop              pulse.o
    0x08002734   0x00000048   Code   RO          593    i.SysTick_Handler   timer.o
    0x0800277c   0x00000378   Code   RO         1660    i.TIM3_IRQHandler   pulse.o
    0x08002af4   0x00000050   Code   RO         1661    i.Time3Init         pulse.o
    0x08002b44   0x000000d4   Code   RO          594    i.TimerRun          timer.o
    0x08002c18   0x000000c0   Code   RO          349    i.UART_Init         uart.o
    0x08002cd8   0x0000000c   Code   RO          350    i.UART_OnRecv       uart.o
    0x08002ce4   0x00000060   Code   RO          351    i.UART_ReSetBps     uart.o
    0x08002d44   0x00000022   Code   RO          352    i.UART_SendBuff     uart.o
    0x08002d66   0x00000002   PAD
    0x08002d68   0x0000001c   Code   RO          353    i.UART_SendByte     uart.o
    0x08002d84   0x0000001e   Code   RO          354    i.UART_SendString   uart.o
    0x08002da2   0x00000002   PAD
    0x08002da4   0x00000020   Code   RO          356    i.USART1_IRQHandler  uart.o
    0x08002dc4   0x000000ac   Code   RO          425    i.UartCmd           uartprotocol.o
    0x08002e70   0x0000002c   Code   RO          426    i.UnRegisterCmdEvent  uartprotocol.o
    0x08002e9c   0x0000004c   Code   RO          427    i.WriteBuff         uartprotocol.o
    0x08002ee8   0x00000030   Code   RO          428    i.WriteByte         uartprotocol.o
    0x08002f18   0x00000070   Code   RO          429    i.WriteDWord        uartprotocol.o
    0x08002f88   0x00000070   Code   RO          430    i.WriteFloat        uartprotocol.o
    0x08002ff8   0x00000048   Code   RO          431    i.WriteWord         uartprotocol.o
    0x08003040   0x0000003c   Code   RO          432    i.Writestr          uartprotocol.o
    0x0800307c   0x0000001c   Code   RO          595    i.ZeroDelay         timer.o
    0x08003098   0x00000028   Code   RO         2106    i.__0sprintf$8      mc_w.l(printf8.o)
    0x080030c0   0x00000028   Code   RO         2249    i.__ARM_fpclassify  m_ws.l(fpclassify.o)
    0x080030e8   0x00000008   Code   RO         2294    i.__aeabi_errno_addr  mc_w.l(errno.o)
    0x080030f0   0x00000388   Code   RO         2254    i.__ieee754_rem_pio2  m_ws.l(rred.o)
    0x08003478   0x000000fc   Code   RO         2232    i.__kernel_cos      m_ws.l(cos_i.o)
    0x08003574   0x000000aa   Code   RO         2251    i.__kernel_poly     m_ws.l(poly.o)
    0x0800361e   0x00000002   PAD
    0x08003620   0x000000ec   Code   RO         2259    i.__kernel_sin      m_ws.l(sin_i.o)
    0x0800370c   0x00000010   Code   RO         2235    i.__mathlib_dbl_divzero  m_ws.l(dunder.o)
    0x0800371c   0x00000006   Code   RO         2236    i.__mathlib_dbl_infnan  m_ws.l(dunder.o)
    0x08003722   0x00000004   Code   RO         2237    i.__mathlib_dbl_infnan2  m_ws.l(dunder.o)
    0x08003726   0x0000000c   Code   RO         2238    i.__mathlib_dbl_invalid  m_ws.l(dunder.o)
    0x08003732   0x0000000e   Code   RO         2239    i.__mathlib_dbl_overflow  m_ws.l(dunder.o)
    0x08003740   0x00000010   Code   RO         2241    i.__mathlib_dbl_underflow  m_ws.l(dunder.o)
    0x08003750   0x0000000e   Code   RO         2356    i.__scatterload_copy  mc_w.l(handlers.o)
    0x0800375e   0x00000002   Code   RO         2357    i.__scatterload_null  mc_w.l(handlers.o)
    0x08003760   0x0000000e   Code   RO         2358    i.__scatterload_zeroinit  mc_w.l(handlers.o)
    0x0800376e   0x00000002   PAD
    0x08003770   0x0000000c   Code   RO         2296    i.__set_errno       mc_w.l(errno.o)
    0x0800377c   0x00000410   Code   RO         2111    i._printf_core      mc_w.l(printf8.o)
    0x08003b8c   0x00000024   Code   RO         2112    i._printf_post_padding  mc_w.l(printf8.o)
    0x08003bb0   0x0000002e   Code   RO         2113    i._printf_pre_padding  mc_w.l(printf8.o)
    0x08003bde   0x0000000a   Code   RO         2115    i._sputc            mc_w.l(printf8.o)
    0x08003be8   0x0000000c   Code   RO          433    i.aack              uartprotocol.o
    0x08003bf4   0x0000000e   Code   RO         1662    i.abs32             pulse.o
    0x08003c02   0x00000002   PAD
    0x08003c04   0x00000028   Code   RO          434    i.ackpack           uartprotocol.o
    0x08003c2c   0x000001cc   Code   RO         1796    i.calculate_delta   delta robot.o
    0x08003df8   0x0000009c   Code   RO         1847    i.cos               m_ws.l(cos.o)
    0x08003e94   0x00000020   Code   RO          117    i.delay_init        delay.o
    0x08003eb4   0x00000050   Code   RO         2158    i.free              mc_w.l(malloc.o)
    0x08003f04   0x000000b0   Code   RO         1460    i.getData           wifi.o
    0x08003fb4   0x00000014   Code   RO          435    i.getbuff           uartprotocol.o
    0x08003fc8   0x0000000c   Code   RO          436    i.getcmd            uartprotocol.o
    0x08003fd4   0x0000000c   Code   RO          437    i.getlen            uartprotocol.o
    0x08003fe0   0x00000014   Code   RO          438    i.getsendbuff       uartprotocol.o
    0x08003ff4   0x00000014   Code   RO          439    i.isLink            uartprotocol.o
    0x08004008   0x0000001c   Code   RO          596    i.isUse             timer.o
    0x08004024   0x00000108   Code   RO            3    i.main              main.o
    0x0800412c   0x0000006c   Code   RO         2159    i.malloc            mc_w.l(malloc.o)
    0x08004198   0x00000010   Code   RO          440    i.noack             uartprotocol.o
    0x080041a8   0x000009d8   Code   RO         1855    i.pow               m_ws.l(pow.o)
    0x08004b80   0x000000fc   Code   RO         1797    i.recalc_delta_settings  delta robot.o
    0x08004c7c   0x00000148   Code   RO         1461    i.sendServing       wifi.o
    0x08004dc4   0x00000024   Code   RO          441    i.sendackpacket     uartprotocol.o
    0x08004de8   0x000000f0   Code   RO         1462    i.setData           wifi.o
    0x08004ed8   0x000000a0   Code   RO         1865    i.sin               m_ws.l(sin.o)
    0x08004f78   0x0000004c   Code   RO         1873    i.sqrt              m_ws.l(sqrt.o)
    0x08004fc4   0x00000018   Data   RO          357    .constdata          uart.o
    0x08004fdc   0x00000068   Data   RO          443    .constdata          uartprotocol.o
    0x08005044   0x00000028   Data   RO          598    .constdata          timer.o
    0x0800506c   0x00000038   Data   RO         1464    .constdata          wifi.o
    0x080050a4   0x00000030   Data   RO         1664    .constdata          pulse.o
    0x080050d4   0x00000010   Data   RO         1799    .constdata          delta robot.o
    0x080050e4   0x00000004   PAD
    0x080050e8   0x00000088   Data   RO         1856    .constdata          m_ws.l(pow.o)
    0x08005170   0x00000030   Data   RO         2233    .constdata          m_ws.l(cos_i.o)
    0x080051a0   0x00000008   Data   RO         2253    .constdata          m_ws.l(qnan.o)
    0x080051a8   0x000000c8   Data   RO         2256    .constdata          m_ws.l(rred.o)
    0x08005270   0x00000028   Data   RO         2260    .constdata          m_ws.l(sin_i.o)
    0x08005298   0x00000081   Data   RO         2320    .constdata          mc_w.l(ctype_o.o)
    0x08005319   0x00000003   PAD
    0x0800531c   0x00000004   Data   RO         2321    .constdata          mc_w.l(ctype_o.o)
    0x08005320   0x00000020   Data   RO         2354    Region$$Table       anon$$obj.o


    Execution Region RW_IRAM1 (Base: 0x20000000, Size: 0x000025d0, Max: 0x00018000, ABSOLUTE)

    Base Addr    Size         Type   Attr      Idx    E Section Name        Object

    0x20000000   0x00000004   Data   RW            6    .data               main.o
    0x20000004   0x00000004   Data   RW          121    .data               delay.o
    0x20000008   0x00000008   Data   RW          358    .data               uart.o
    0x20000010   0x0000001e   Data   RW          444    .data               uartprotocol.o
    0x2000002e   0x00000002   PAD
    0x20000030   0x0000000d   Data   RW          599    .data               timer.o
    0x2000003d   0x00000001   PAD
    0x2000003e   0x0000002a   Data   RW         1465    .data               wifi.o
    0x20000068   0x0000003c   Data   RW         1665    .data               pulse.o
    0x200000a4   0x00000030   Data   RW         1800    .data               delta robot.o
    0x200000d4   0x00000004   Data   RW         2292    .data               mc_w.l(mvars.o)
    0x200000d8   0x00000004   Data   RW         2293    .data               mc_w.l(mvars.o)
    0x200000dc   0x00000004   Data   RW         2297    .data               mc_w.l(errno.o)
    0x200000e0   0x00000080   Zero   RW          442    .bss                uartprotocol.o
    0x20000160   0x00000060   Zero   RW          597    .bss                timer.o
    0x200001c0   0x000001c0   Zero   RW         1463    .bss                wifi.o
    0x20000380   0x00001934   Zero   RW         1663    .bss                pulse.o
    0x20001cb4   0x00000018   Zero   RW         1798    .bss                delta robot.o
    0x20001ccc   0x00000004   PAD
    0x20001cd0   0x00000100   Zero   RW           93    HEAP                startup_stm32f10x_md.o
    0x20001dd0   0x00000800   Zero   RW           92    STACK               startup_stm32f10x_md.o


==============================================================================

Image component sizes


      Code (inc. data)   RO Data    RW Data    ZI Data      Debug   Object Name

        32          8          0          4          0        661   delay.o
       908        124         16         48         24       4086   delta robot.o
      1044        108          0          4          0     215683   main.o
      3658        392         48         60       6452      17834   pulse.o
        28          4        236          0       2304        820   startup_stm32f10x_md.o
       632         74          0          0          0       3996   sys.o
       740        100         40         13         96       8058   timer.o
       424         62         24          8          0      20253   uart.o
      1836        298        104         30        128      16742   uartprotocol.o
      2044        374         56         42        448      12487   wifi.o

    ----------------------------------------------------------------------
     11352       1544        560        212       9456     300620   Object Totals
         0          0         32          0          0          0   (incl. Generated)
         6          0          4          3          4          0   (incl. Padding)

    ----------------------------------------------------------------------

      Code (inc. data)   RO Data    RW Data    ZI Data      Debug   Library Member Name

       156          8          0          0          0        104   cos.o
       252         22         48          0          0        124   cos_i.o
        68         10          0          0          0        408   dunder.o
        40          0          0          0          0         68   fpclassify.o
       170          0          0          0          0         96   poly.o
      2520        190        136          0          0        324   pow.o
         0          0          8          0          0          0   qnan.o
       904         76        200          0          0        140   rred.o
       160         10          0          0          0        108   sin.o
       236         12         40          0          0        128   sin_i.o
        76          0          0          0          0         84   sqrt.o
        28          0          0          0          0         68   _chval.o
       158          0          0          0          0         92   _strtoul.o
        26          0          0          0          0         80   atoi.o
         8          4        133          0          0         68   ctype_o.o
         0          0          0          0          0          0   entry.o
         0          0          0          0          0          0   entry10a.o
         0          0          0          0          0          0   entry11a.o
         8          4          0          0          0          0   entry2.o
         4          0          0          0          0          0   entry5.o
         0          0          0          0          0          0   entry7b.o
         0          0          0          0          0          0   entry8b.o
         8          4          0          0          0          0   entry9a.o
        20         10          0          4          0        136   errno.o
        30          0          0          0          0          0   handlers.o
        36          8          0          0          0         68   init.o
         0          0          0          0          0          0   iusefp.o
        30          0          0          0          0         68   llshl.o
        36          0          0          0          0         68   llsshr.o
        32          0          0          0          0         68   llushr.o
       188         20          0          0          0        160   malloc.o
        36          0          0          0          0         68   memcpya.o
        36          0          0          0          0        108   memseta.o
         0          0          0          8          0          0   mvars.o
      1172         50          0          0          0        420   printf8.o
        24          0          0          0          0         68   strcat.o
        36          0          0          0          0         80   strstr.o
       112          0          0          0          0         88   strtol.o
        98          0          0          0          0         92   uldiv.o
        48          0          0          0          0         68   cdcmple.o
        48          0          0          0          0         68   cdrcmple.o
        20          0          0          0          0         68   cfcmple.o
        20          0          0          0          0         68   cfrcmple.o
        56          0          0          0          0         88   d2f.o
       334          0          0          0          0        148   dadd.o
       222          0          0          0          0        100   ddiv.o
       186          0          0          0          0        176   depilogue.o
        62          0          0          0          0         80   dfixi.o
        34          0          0          0          0         76   dflti.o
        26          0          0          0          0         76   dfltui.o
       228          0          0          0          0         96   dmul.o
        46          0          0          0          0         80   dscalb.o
       162          0          0          0          0        100   dsqrt.o
        38          0          0          0          0         68   f2d.o
       176          0          0          0          0        140   fadd.o
       124          0          0          0          0         88   fdiv.o
       110          0          0          0          0        168   fepilogue.o
        50          0          0          0          0         68   ffixi.o
        18          0          0          0          0         68   fflti.o
        10          0          0          0          0         68   ffltui.o
       100          0          0          0          0         76   fmul.o

    ----------------------------------------------------------------------
      8832        428        568         12          0       5420   Library Totals
         6          0          3          0          0          0   (incl. Padding)

    ----------------------------------------------------------------------

      Code (inc. data)   RO Data    RW Data    ZI Data      Debug   Library Name

      4582        328        432          0          0       1584   m_ws.l
      2126        100        133         12          0       1800   mc_w.l
      2118          0          0          0          0       2036   mf_w.l

    ----------------------------------------------------------------------
      8832        428        568         12          0       5420   Library Totals

    ----------------------------------------------------------------------

==============================================================================


      Code (inc. data)   RO Data    RW Data    ZI Data      Debug   

     20184       1972       1128        224       9456     298132   Grand Totals
     20184       1972       1128        224       9456     298132   ELF Image Totals
     20184       1972       1128        224          0          0   ROM Totals

==============================================================================

    Total RO  Size (Code + RO Data)                21312 (  20.81kB)
    Total RW  Size (RW Data + ZI Data)              9680 (   9.45kB)
    Total ROM Size (Code + RO Data + RW Data)      21536 (  21.03kB)

==============================================================================

