Component: ARM Compiler 5.06 update 2 (build 183) Tool: armlink [4d35b7]

==============================================================================

Section Cross References

    main.o(i.GetDataEvent) refers to fmul.o(.text) for __aeabi_fmul
    main.o(i.GetDataEvent) refers to ffixi.o(.text) for __aeabi_f2iz
    main.o(i.GetDataEvent) refers to pulse.o(.bss) for axis
    main.o(i.GetDataEvent) refers to delta robot.o(.bss) for delta
    main.o(i.SetDataEvent) refers to fflti.o(.text) for __aeabi_i2f
    main.o(i.SetDataEvent) refers to fdiv.o(.text) for __aeabi_fdiv
    main.o(i.SetDataEvent) refers to f2d.o(.text) for __aeabi_f2d
    main.o(i.SetDataEvent) refers to dadd.o(.text) for __aeabi_dadd
    main.o(i.SetDataEvent) refers to dmul.o(.text) for __aeabi_dmul
    main.o(i.SetDataEvent) refers to dfixi.o(.text) for __aeabi_d2iz
    main.o(i.SetDataEvent) refers to main.o(.data) for lastid
    main.o(i.SetDataEvent) refers to pulse.o(.constdata) for Axis
    main.o(i.SetDataEvent) refers to delta robot.o(.constdata) for Delta
    main.o(i.SetDataEvent) refers to delta robot.o(.bss) for delta
    main.o(i.main) refers to sys.o(i.Stm32_Clock_Init) for Stm32_Clock_Init
    main.o(i.main) refers to sys.o(i.JTAG_Set) for JTAG_Set
    main.o(i.main) refers to delay.o(i.delay_init) for delay_init
    main.o(i.main) refers to timer.o(.constdata) for Timer
    main.o(i.main) refers to pulse.o(.constdata) for Axis
    main.o(i.main) refers to delta robot.o(.constdata) for Delta
    main.o(i.main) refers to uart.o(.constdata) for UART
    main.o(i.main) refers to uartprotocol.o(i.OnRecvData) for OnRecvData
    main.o(i.main) refers to uartprotocol.o(.constdata) for UartProtocol
    main.o(i.main) refers to uartprotocol.o(.bss) for buffdata
    main.o(i.main) refers to wifi.o(.constdata) for wifi
    main.o(i.main) refers to main.o(i.GetDataEvent) for GetDataEvent
    main.o(i.main) refers to main.o(i.SetDataEvent) for SetDataEvent
    main.o(i.tick1) refers to f2d.o(.text) for __aeabi_f2d
    main.o(i.tick1) refers to dadd.o(.text) for __aeabi_dadd
    main.o(i.tick1) refers to dmul.o(.text) for __aeabi_dmul
    main.o(i.tick1) refers to dfixi.o(.text) for __aeabi_d2iz
    main.o(i.tick1) refers to main.o(.data) for o
    main.o(i.tick1) refers to delta robot.o(.constdata) for Delta
    main.o(i.tick1) refers to delta robot.o(.bss) for delta
    main.o(i.tick1) refers to pulse.o(.constdata) for Axis
    startup_stm32f10x_md.o(RESET) refers to startup_stm32f10x_md.o(STACK) for __initial_sp
    startup_stm32f10x_md.o(RESET) refers to startup_stm32f10x_md.o(.text) for Reset_Handler
    startup_stm32f10x_md.o(RESET) refers to timer.o(i.SysTick_Handler) for SysTick_Handler
    startup_stm32f10x_md.o(RESET) refers to pulse.o(i.EXTI0_IRQHandler) for EXTI0_IRQHandler
    startup_stm32f10x_md.o(RESET) refers to pulse.o(i.EXTI1_IRQHandler) for EXTI1_IRQHandler
    startup_stm32f10x_md.o(RESET) refers to pulse.o(i.EXTI2_IRQHandler) for EXTI2_IRQHandler
    startup_stm32f10x_md.o(RESET) refers to pulse.o(i.TIM3_IRQHandler) for TIM3_IRQHandler
    startup_stm32f10x_md.o(RESET) refers to uart.o(i.USART1_IRQHandler) for USART1_IRQHandler
    startup_stm32f10x_md.o(.text) refers to entry.o(.ARM.Collect$$$$00000000) for __main
    led.o(.constdata) refers to led.o(i.Init) for Init
    delay.o(i.delay_init) refers to delay.o(.data) for fac_us
    delay.o(i.delay_ms) refers to delay.o(i.delay_us) for delay_us
    delay.o(i.delay_us) refers to delay.o(.data) for fac_us
    sys.o(i.MYRCC_DeInit) refers to sys.o(i.MY_NVIC_SetVectorTable) for MY_NVIC_SetVectorTable
    sys.o(i.MY_NVIC_Init) refers to sys.o(i.MY_NVIC_PriorityGroupConfig) for MY_NVIC_PriorityGroupConfig
    sys.o(i.Stm32_Clock_Init) refers to sys.o(i.MYRCC_DeInit) for MYRCC_DeInit
    sys.o(i.Sys_Standby) refers to sys.o(.emb_text) for WFI_SET
    motor.o(i.Init) refers to motor.o(i.SetSpeed) for SetSpeed
    motor.o(i.SetSpeed) refers to motor.o(i.myabs) for myabs
    motor.o(.constdata) refers to motor.o(i.Init) for Init
    motor.o(.constdata) refers to motor.o(i.SetSpeed) for SetSpeed
    pid.o(i.PositionPID) refers to fflti.o(.text) for __aeabi_i2f
    pid.o(i.PositionPID) refers to fadd.o(.text) for __aeabi_fadd
    pid.o(i.PositionPID) refers to fmul.o(.text) for __aeabi_fmul
    pid.o(i.PositionPID) refers to ffixi.o(.text) for __aeabi_f2iz
    pid.o(.constdata) refers to pid.o(i.Init) for Init
    pid.o(.constdata) refers to pid.o(i.PositionPID) for PositionPID
    sensor.o(i.Loop) refers to sensor.o(i.RTADC) for RTADC
    sensor.o(i.Loop) refers to sensor.o(i.switchCH) for switchCH
    sensor.o(i.Loop) refers to sensor.o(.bss) for CHVA
    sensor.o(i.Loop) refers to sensor.o(.data) for count
    sensor.o(i.RTADC) refers to adc.o(.constdata) for ADC
    sensor.o(i.ReadData) refers to sensor.o(.data) for PutOut
    sensor.o(i.getCHVA) refers to sensor.o(.bss) for CHVA
    sensor.o(i.init) refers to sensor.o(i.switchCH) for switchCH
[...]
    ../clib/microlib/init/entry.s            0x00000000   Number         0  entry11a.o ABSOLUTE
    ../clib/microlib/init/entry.s            0x00000000   Number         0  entry10b.o ABSOLUTE
    ../clib/microlib/init/entry.s            0x00000000   Number         0  entry11b.o ABSOLUTE
    ../clib/microlib/init/entry.s            0x00000000   Number         0  entry.o ABSOLUTE
    ../clib/microlib/init/entry.s            0x00000000   Number         0  entry8b.o ABSOLUTE
    ../clib/microlib/init/entry.s            0x00000000   Number         0  entry9a.o ABSOLUTE
    ../clib/microlib/init/entry.s            0x00000000   Number         0  entry2.o ABSOLUTE
    ../clib/microlib/init/entry.s            0x00000000   Number         0  entry5.o ABSOLUTE
    ../clib/microlib/init/entry.s            0x00000000   Number         0  entry7a.o ABSOLUTE
    ../clib/microlib/init/entry.s            0x00000000   Number         0  entry10a.o ABSOLUTE
    ../clib/microlib/init/entry.s            0x00000000   Number         0  entry9b.o ABSOLUTE
    ../clib/microlib/init/entry.s            0x00000000   Number         0  entry7b.o ABSOLUTE
    ../clib/microlib/init/entry.s            0x00000000   Number         0  entry8a.o ABSOLUTE
    ../clib/microlib/longlong.c              0x00000000   Number         0  llushr.o ABSOLUTE
    ../clib/microlib/longlong.c              0x00000000   Number         0  llsshr.o ABSOLUTE
    ../clib/microlib/longlong.c              0x00000000   Number         0  llshl.o ABSOLUTE
    ../clib/microlib/malloc/malloc.c         0x00000000   Number         0  mallocra.o ABSOLUTE
    ../clib/microlib/malloc/malloc.c         0x00000000   Number         0  malloc.o ABSOLUTE
    ../clib/microlib/malloc/malloc.c         0x00000000   Number         0  malloca.o ABSOLUTE
    ../clib/microlib/malloc/malloc.c         0x00000000   Number         0  mallocr.o ABSOLUTE
    ../clib/microlib/malloc/mvars.c          0x00000000   Number         0  mvars.o ABSOLUTE
    ../clib/microlib/printf/printf.c         0x00000000   Number         0  printf3.o ABSOLUTE
    ../clib/microlib/printf/printf.c         0x00000000   Number         0  printf4.o ABSOLUTE
    ../clib/microlib/printf/printf.c         0x00000000   Number         0  printf5.o ABSOLUTE
    ../clib/microlib/printf/printf.c         0x00000000   Number         0  printf6.o ABSOLUTE
    ../clib/microlib/printf/printf.c         0x00000000   Number         0  printf7.o ABSOLUTE
    ../clib/microlib/printf/printf.c         0x00000000   Number         0  printf8.o ABSOLUTE
    ../clib/microlib/printf/printf.c         0x00000000   Number         0  printf0.o ABSOLUTE
    ../clib/microlib/printf/printf.c         0x00000000   Number         0  printfa.o ABSOLUTE
    ../clib/microlib/printf/printf.c         0x00000000   Number         0  printfb.o ABSOLUTE
    ../clib/microlib/printf/printf.c         0x00000000   Number         0  printf1.o ABSOLUTE
    ../clib/microlib/printf/printf.c         0x00000000   Number         0  printf2.o ABSOLUTE
    ../clib/microlib/printf/stubs.s          0x00000000   Number         0  stubs.o ABSOLUTE
    ../clib/microlib/stdio/fputc.c           0x00000000   Number         0  fputc.o ABSOLUTE
    ../clib/microlib/stdio/semi.s            0x00000000   Number         0  semi.o ABSOLUTE
    ../clib/microlib/stdio/streams.c         0x00000000   Number         0  stdout.o ABSOLUTE
    ../clib/microlib/string/memcmp.c         0x00000000   Number         0  memcmp.o ABSOLUTE
    ../clib/microlib/string/memcpy.c         0x00000000   Number         0  memcpyb.o ABSOLUTE
    ../clib/microlib/string/memcpy.c         0x00000000   Number         0  memcpya.o ABSOLUTE
    ../clib/microlib/string/memset.c         0x00000000   Number         0  memseta.o ABSOLUTE
    ../clib/microlib/string/strcat.c         0x00000000   Number         0  strcat.o ABSOLUTE
    ../clib/microlib/string/strstr.c         0x00000000   Number         0  strstr.o ABSOLUTE
    ../clib/microlib/stubs.s                 0x00000000   Number         0  iusefp.o ABSOLUTE
    ../clib/microlib/stubs.s                 0x00000000   Number         0  iusesemip.o ABSOLUTE
    ../clib/scanf.c                          0x00000000   Number         0  _chval.o ABSOLUTE
    ../clib/scanf.c                          0x00000000   Number         0  strtol.o ABSOLUTE
    ../clib/scanf.c                          0x00000000   Number         0  atoi.o ABSOLUTE
    ../clib/scanf.c                          0x00000000   Number         0  _strtoul.o ABSOLUTE
    ../fplib/microlib/d2f.c                  0x00000000   Number         0  d2f.o ABSOLUTE
    ../fplib/microlib/f2d.c                  0x00000000   Number         0  f2d.o ABSOLUTE
    ../fplib/microlib/fpadd.c                0x00000000   Number         0  fadd.o ABSOLUTE
    ../fplib/microlib/fpadd.c                0x00000000   Number         0  dadd.o ABSOLUTE
    ../fplib/microlib/fpdiv.c                0x00000000   Number         0  ddiv.o ABSOLUTE
    ../fplib/microlib/fpdiv.c                0x00000000   Number         0  fdiv.o ABSOLUTE
    ../fplib/microlib/fpepilogue.c           0x00000000   Number         0  depilogue.o ABSOLUTE
    ../fplib/microlib/fpepilogue.c           0x00000000   Number         0  fepilogue.o ABSOLUTE
    ../fplib/microlib/fpfix.c                0x00000000   Number         0  dfixi.o ABSOLUTE
    ../fplib/microlib/fpfix.c                0x00000000   Number         0  ffixui.o ABSOLUTE
    ../fplib/microlib/fpfix.c                0x00000000   Number         0  dfixul.o ABSOLUTE
    ../fplib/microlib/fpfix.c                0x00000000   Number         0  ffixi.o ABSOLUTE
    ../fplib/microlib/fpflt.c                0x00000000   Number         0  fflti.o ABSOLUTE
    ../fplib/microlib/fpflt.c                0x00000000   Number         0  ffltui.o ABSOLUTE
    ../fplib/microlib/fpflt.c                0x00000000   Number         0  dfltui.o ABSOLUTE
    ../fplib/microlib/fpflt.c                0x00000000   Number         0  dflti.o ABSOLUTE
    ../fplib/microlib/fpmul.c                0x00000000   Number         0  dmul.o ABSOLUTE
    ../fplib/microlib/fpmul.c                0x00000000   Number         0  fmul.o ABSOLUTE
    ../fplib/microlib/fpscalb.c              0x00000000   Number         0  dscalb.o ABSOLUTE
    ../fplib/microlib/fpsqrt.c               0x00000000   Number         0  dsqrt.o ABSOLUTE
    ../mathlib/asin.c                        0x00000000   Number         0  asin.o ABSOLUTE
    ../mathlib/asin.c                        0x00000000   Number         0  asin_x.o ABSOLUTE
    ../mathlib/atan.c                        0x00000000   Number         0  atan.o ABSOLUTE
    ../mathlib/atan.c                        0x00000000   Number         0  atan_x.o ABSOLUTE
    ../mathlib/atan2.c                       0x00000000   Number         0  atan2_x.o ABSOLUTE
    ../mathlib/atan2.c                       0x00000000   Number         0  atan2.o ABSOLUTE
    ../mathlib/cos.c                         0x00000000   Number         0  cos_x.o ABSOLUTE
    ../mathlib/cos.c                         0x00000000   Number         0  cos.o ABSOLUTE
    ../mathlib/cos_i.c                       0x00000000   Number         0  cos_i.o ABSOLUTE
    ../mathlib/dunder.c                      0x00000000   Number         0  dunder.o ABSOLUTE
    ../mathlib/fpclassify.c                  0x00000000   Number         0  fpclassify.o ABSOLUTE
    ../mathlib/poly.c                        0x00000000   Number         0  poly.o ABSOLUTE
    ../mathlib/pow.c                         0x00000000   Number         0  pow_x.o ABSOLUTE
    ../mathlib/pow.c                         0x00000000   Number         0  pow.o ABSOLUTE
    ../mathlib/qnan.c                        0x00000000   Number         0  qnan.o ABSOLUTE
    ../mathlib/rred.c                        0x00000000   Number         0  rred.o ABSOLUTE
    ../mathlib/sin.c                         0x00000000   Number         0  sin_x.o ABSOLUTE
    ../mathlib/sin.c                         0x00000000   Number         0  sin.o ABSOLUTE
    ../mathlib/sin_i.c                       0x00000000   Number         0  sin_i.o ABSOLUTE
    ../mathlib/sin_i.c                       0x00000000   Number         0  sin_i_x.o ABSOLUTE
    ../mathlib/sqrt.c                        0x00000000   Number         0  sqrt_x.o ABSOLUTE
    ../mathlib/sqrt.c                        0x00000000   Number         0  sqrt.o ABSOLUTE
    ..\Boot\startup_stm32f10x_md.s           0x00000000   Number         0  startup_stm32f10x_md.o ABSOLUTE
    ..\Refer\eMPL\inv_mpu.c                  0x00000000   Number         0  inv_mpu.o ABSOLUTE
    ..\Refer\eMPL\inv_mpu_dmp_motion_driver.c 0x00000000   Number         0  inv_mpu_dmp_motion_driver.o ABSOLUTE
    ..\Refer\src\ADC.c                       0x00000000   Number         0  adc.o ABSOLUTE
    ..\Refer\src\Delta robot.c               0x00000000   Number         0  delta robot.o ABSOLUTE
    ..\Refer\src\RC522.c                     0x00000000   Number         0  rc522.o ABSOLUTE
    ..\Refer\src\Timer.c                     0x00000000   Number         0  timer.o ABSOLUTE
    ..\Refer\src\delay.c                     0x00000000   Number         0  delay.o ABSOLUTE
    ..\Refer\src\encoder.c                   0x00000000   Number         0  encoder.o ABSOLUTE
    ..\Refer\src\filter.c                    0x00000000   Number         0  filter.o ABSOLUTE
    ..\Refer\src\iic.c                       0x00000000   Number         0  iic.o ABSOLUTE
    ..\Refer\src\led.c                       0x00000000   Number         0  led.o ABSOLUTE
    ..\Refer\src\motor.c                     0x00000000   Number         0  motor.o ABSOLUTE
    ..\Refer\src\mpu6050.c                   0x00000000   Number         0  mpu6050.o ABSOLUTE
    ..\Refer\src\pid.c                       0x00000000   Number         0  pid.o ABSOLUTE
    ..\Refer\src\pulse.c                     0x00000000   Number         0  pulse.o ABSOLUTE
    ..\Refer\src\sensor.c                    0x00000000   Number         0  sensor.o ABSOLUTE
    ..\Refer\src\servo.c                     0x00000000   Number         0  servo.o ABSOLUTE
    ..\Refer\src\spi.c                       0x00000000   Number         0  spi.o ABSOLUTE
    ..\Refer\src\sys.c                       0x00000000   Number         0  sys.o ABSOLUTE
    ..\Refer\src\uart.c                      0x00000000   Number         0  uart.o ABSOLUTE
    ..\Refer\src\uartprotocol.c              0x00000000   Number         0  uartprotocol.o ABSOLUTE
    ..\Refer\src\wifi.c                      0x00000000   Number         0  wifi.o ABSOLUTE
    ..\\Refer\\src\\Timer.c                  0x00000000   Number         0  timer.o ABSOLUTE
    ..\\Refer\\src\\sys.c                    0x00000000   Number         0  sys.o ABSOLUTE
    cdcmple.s                                0x00000000   Number         0  cdcmple.o ABSOLUTE
    cdrcmple.s                               0x00000000   Number         0  cdrcmple.o ABSOLUTE
    cfcmple.s                                0x00000000   Number         0  cfcmple.o ABSOLUTE
    cfrcmple.s                               0x00000000   Number         0  cfrcmple.o ABSOLUTE
    dc.s                                     0x00000000   Number         0  dc.o ABSOLUTE
    handlers.s                               0x00000000   Number         0  handlers.o ABSOLUTE
    init.s                                   0x00000000   Number         0  init.o ABSOLUTE
    main.c                                   0x00000000   Number         0  main.o ABSOLUTE
    RESET                                    0x08000000   Section      236  startup_stm32f10x_md.o(RESET)
    .ARM.Collect$$$$00000000                 0x080000ec   Section        0  entry.o(.ARM.Collect$$$$00000000)
    .ARM.Collect$$$$00000001                 0x080000ec   Section        4  entry2.o(.ARM.Collect$$$$00000001)
    .ARM.Collect$$$$00000004                 0x080000f0   Section        4  entry5.o(.ARM.Collect$$$$00000004)
    .ARM.Collect$$$$00000008                 0x080000f4   Section        0  entry7b.o(.ARM.Collect$$$$00000008)
    .ARM.Collect$$$$0000000A                 0x080000f4   Section        0  entry8b.o(.ARM.Collect$$$$0000000A)
    .ARM.Collect$$$$0000000B                 0x080000f4   Section        8  entry9a.o(.ARM.Collect$$$$0000000B)
    .ARM.Collect$$$$0000000D                 0x080000fc   Section        0  entry10a.o(.ARM.Collect$$$$0000000D)
    .ARM.Collect$$$$0000000F                 0x080000fc   Section        0  entry11a.o(.ARM.Collect$$$$0000000F)
    .ARM.Collect$$$$00002712                 0x080000fc   Section        4  entry2.o(.ARM.Collect$$$$00002712)
    __lit__00000000                          0x080000fc   Data           4  entry2.o(.ARM.Collect$$$$00002712)
    .emb_text                                0x08000100   Section       36  timer.o(.emb_text)
    .text                                    0x08000124   Section       28  startup_stm32f10x_md.o(.text)
    .text                                    0x08000140   Section        0  memseta.o(.text)
    .text                                    0x08000164   Section        0  strcat.o(.text)
    .text                                    0x0800017c   Section        0  strstr.o(.text)
    .text                                    0x080001a0   Section        0  atoi.o(.text)
    .text                                    0x080001ba   Section        0  fadd.o(.text)
    .text                                    0x0800026a   Section        0  fmul.o(.text)
    .text                                    0x080002ce   Section        0  fdiv.o(.text)
    .text                                    0x0800034a   Section        0  dadd.o(.text)
    .text                                    0x08000498   Section        0  dmul.o(.text)
    .text                                    0x0800057c   Section        0  ddiv.o(.text)
    .text                                    0x0800065a   Section        0  fflti.o(.text)
    .text                                    0x0800066c   Section        0  dflti.o(.text)
    .text                                    0x0800068e   Section        0  ffixi.o(.text)
    .text                                    0x080006c0   Section        0  dfixi.o(.text)
    .text                                    0x080006fe   Section        0  f2d.o(.text)
    .text                                    0x08000724   Section        0  d2f.o(.text)
    .text                                    0x0800075c   Section        0  uldiv.o(.text)
    .text                                    0x080007be   Section        0  llshl.o(.text)
    .text                                    0x080007dc   Section        0  llushr.o(.text)
    .text                                    0x080007fc   Section        0  llsshr.o(.text)
    .text                                    0x08000820   Section        0  strtol.o(.text)
    .text                                    0x08000890   Section        0  iusefp.o(.text)
    .text                                    0x08000890   Section        0  fepilogue.o(.text)
    .text                                    0x080008fe   Section        0  depilogue.o(.text)
    .text                                    0x080009b8   Section        0  dscalb.o(.text)
    .text                                    0x080009e6   Section        0  dsqrt.o(.text)
    .text                                    0x08000a88   Section       48  cdrcmple.o(.text)
    .text                                    0x08000ab8   Section       36  init.o(.text)
    .text                                    0x08000adc   Section        0  ctype_o.o(.text)
    .text                                    0x08000ae4   Section        0  _strtoul.o(.text)
    .text                                    0x08000b82   Section        0  dfltui.o(.text)
    .text                                    0x08000b9c   Section        0  _chval.o(.text)
    i.AddDelay                               0x08000bb8   Section        0  timer.o(i.AddDelay)
    i.AliveEvent                             0x08000be4   Section        0  wifi.o(i.AliveEvent)
    i.AxisBuffInmm                           0x08000d70   Section        0  pulse.o(i.AxisBuffInmm)
    AxisBuffInmm                             0x08000d71   Thumb Code   280  pulse.o(i.AxisBuffInmm)
    i.CallFun                                0x08000e94   Section        0  timer.o(i.CallFun)
    i.ConXYZ                                 0x08000e9c   Section        0  pulse.o(i.ConXYZ)
    ConXYZ                                   0x08000e9d   Thumb Code    62  pulse.o(i.ConXYZ)
    i.ConnectSend                            0x08000ee8   Section        0  wifi.o(i.ConnectSend)
    ConnectSend                              0x08000ee9   Thumb Code    34  wifi.o(i.ConnectSend)
    i.ConnectSendCode                        0x08000f2c   Section        0  wifi.o(i.ConnectSendCode)
    ConnectSendCode                          0x08000f2d   Thumb Code   128  wifi.o(i.ConnectSendCode)
    i.DeErrEvent                             0x08000fdc   Section        0  wifi.o(i.DeErrEvent)
    i.Delay                                  0x08001148   Section        0  timer.o(i.Delay)
    i.DownXYZ                                0x0800118c   Section        0  pulse.o(i.DownXYZ)
    DownXYZ                                  0x0800118d   Thumb Code    28  pulse.o(i.DownXYZ)
    i.EXTI0_IRQHandler                       0x080011a8   Section        0  pulse.o(i.EXTI0_IRQHandler)
    i.EXTI1_IRQHandler                       0x080011d8   Section        0  pulse.o(i.EXTI1_IRQHandler)
    i.EXTI2_IRQHandler                       0x08001208   Section        0  pulse.o(i.EXTI2_IRQHandler)
    i.Ex_NVIC_Config                         0x08001238   Section        0  sys.o(i.Ex_NVIC_Config)
    i.ExtiInit                               0x080012d8   Section        0  pulse.o(i.ExtiInit)
    ExtiInit                                 0x080012d9   Thumb Code   124  pulse.o(i.ExtiInit)
    i.GetDataEvent                           0x0800135c   Section        0  main.o(i.GetDataEvent)
    i.GetIPIDCmd                             0x080013f0   Section        0  wifi.o(i.GetIPIDCmd)
    GetIPIDCmd                               0x080013f1   Thumb Code    12  wifi.o(i.GetIPIDCmd)
    i.GetIPIDStart                           0x08001440   Section        0  wifi.o(i.GetIPIDStart)
    GetIPIDStart                             0x08001441   Thumb Code     8  wifi.o(i.GetIPIDStart)
    i.IOInit                                 0x0800144c   Section        0  pulse.o(i.IOInit)
    IOInit                                   0x0800144d   Thumb Code    70  pulse.o(i.IOInit)
    i.Init                                   0x080014a8   Section        0  uartprotocol.o(i.Init)
    Init                                     0x080014a9   Thumb Code    52  uartprotocol.o(i.Init)
    i.Init                                   0x080014e8   Section        0  wifi.o(i.Init)
    Init                                     0x080014e9   Thumb Code    16  wifi.o(i.Init)
    i.Init                                   0x080014f8   Section        0  pulse.o(i.Init)
    Init                                     0x080014f9   Thumb Code    26  pulse.o(i.Init)
    i.Init                                   0x08001518   Section        0  delta robot.o(i.Init)
    Init                                     0x08001519   Thumb Code   168  delta robot.o(i.Init)
    i.InitTimer                              0x080015e4   Section        0  timer.o(i.InitTimer)
    i.JTAG_Set                               0x08001610   Section        0  sys.o(i.JTAG_Set)
    i.KillThisTimer                          0x08001640   Section        0  timer.o(i.KillThisTimer)
    i.KillTimer                              0x0800166c   Section        0  timer.o(i.KillTimer)
    i.MYRCC_DeInit                           0x08001690   Section        0  sys.o(i.MYRCC_DeInit)
    i.MY_NVIC_Init                           0x080016f8   Section        0  sys.o(i.MY_NVIC_Init)
    i.MY_NVIC_PriorityGroupConfig            0x0800176c   Section        0  sys.o(i.MY_NVIC_PriorityGroupConfig)
    i.MY_NVIC_SetVectorTable                 0x08001794   Section        0  sys.o(i.MY_NVIC_SetVectorTable)
    i.OnRecvData                             0x080017a8   Section        0  uartprotocol.o(i.OnRecvData)
    i.QueueInit                              0x08001908   Section        0  pulse.o(i.QueueInit)
    i.ReadBuff                               0x08001914   Section        0  uartprotocol.o(i.ReadBuff)
    ReadBuff                                 0x08001915   Thumb Code    68  uartprotocol.o(i.ReadBuff)
    i.ReadByte                               0x08001964   Section        0  uartprotocol.o(i.ReadByte)
    ReadByte                                 0x08001965   Thumb Code    38  uartprotocol.o(i.ReadByte)
    i.ReadDWord                              0x08001998   Section        0  uartprotocol.o(i.ReadDWord)
    ReadDWord                                0x08001999   Thumb Code   106  uartprotocol.o(i.ReadDWord)
    i.ReadWord                               0x08001a10   Section        0  uartprotocol.o(i.ReadWord)
    ReadWord                                 0x08001a11   Thumb Code    68  uartprotocol.o(i.ReadWord)
    i.RegisterCmdEvent                       0x08001a60   Section        0  uartprotocol.o(i.RegisterCmdEvent)
    i.ResetXYZ                               0x08001a6c   Section        0  pulse.o(i.ResetXYZ)
    ResetXYZ                                 0x08001a6d   Thumb Code    22  pulse.o(i.ResetXYZ)
    i.ScannCmd                               0x08001a88   Section        0  wifi.o(i.ScannCmd)
    ScannCmd                                 0x08001a89   Thumb Code    24  wifi.o(i.ScannCmd)
    i.ScannStart                             0x08001ab4   Section        0  wifi.o(i.ScannStart)
    ScannStart                               0x08001ab5   Thumb Code    20  wifi.o(i.ScannStart)
    i.SendCmdPack                            0x08001ad4   Section        0  uartprotocol.o(i.SendCmdPack)
    i.SendMeIPEvent                          0x08001b18   Section        0  wifi.o(i.SendMeIPEvent)
    i.SendPack                               0x08001b88   Section        0  uartprotocol.o(i.SendPack)
    i.SetDataEvent                           0x08001bec   Section        0  main.o(i.SetDataEvent)
    i.SetDelay                               0x08001ee0   Section        0  timer.o(i.SetDelay)
    i.SetDir                                 0x08001ef8   Section        0  pulse.o(i.SetDir)
    SetDir                                   0x08001ef9   Thumb Code    38  pulse.o(i.SetDir)
    i.SetF                                   0x08001f24   Section        0  pulse.o(i.SetF)
    SetF                                     0x08001f25   Thumb Code    24  pulse.o(i.SetF)
    i.SetIO                                  0x08001f44   Section        0  pulse.o(i.SetIO)
    SetIO                                    0x08001f45   Thumb Code    38  pulse.o(i.SetIO)
    i.SetTimer                               0x08001f70   Section        0  timer.o(i.SetTimer)
    i.SetXYZ                                 0x08001fd0   Section        0  pulse.o(i.SetXYZ)
    SetXYZ                                   0x08001fd1   Thumb Code   100  pulse.o(i.SetXYZ)
    i.Setoffset                              0x0800203c   Section        0  uartprotocol.o(i.Setoffset)
    Setoffset                                0x0800203d   Thumb Code    20  uartprotocol.o(i.Setoffset)
    i.Setting                                0x08002054   Section        0  delta robot.o(i.Setting)
    Setting                                  0x08002055   Thumb Code    46  delta robot.o(i.Setting)
    i.Start                                  0x08002098   Section        0  pulse.o(i.Start)
    Start                                    0x08002099   Thumb Code    48  pulse.o(i.Start)
    i.Stm32_Clock_Init                       0x080020d8   Section        0  sys.o(i.Stm32_Clock_Init)
    i.Stop                                   0x08002168   Section        0  pulse.o(i.Stop)
    Stop                                     0x08002169   Thumb Code    20  pulse.o(i.Stop)
    i.SysTick_Handler                        0x08002184   Section        0  timer.o(i.SysTick_Handler)
    i.TIM3_IRQHandler                        0x080021cc   Section        0  pulse.o(i.TIM3_IRQHandler)
    i.Time3Init                              0x080024dc   Section        0  pulse.o(i.Time3Init)
    Time3Init                                0x080024dd   Thumb Code    72  pulse.o(i.Time3Init)
    i.TimerRun                               0x0800252c   Section        0  timer.o(i.TimerRun)
    i.UART_Init                              0x08002600   Section        0  uart.o(i.UART_Init)
    i.UART_OnRecv                            0x080026c0   Section        0  uart.o(i.UART_OnRecv)
    i.UART_ReSetBps                          0x080026cc   Section        0  uart.o(i.UART_ReSetBps)
    i.UART_SendBuff                          0x0800272c   Section        0  uart.o(i.UART_SendBuff)
    i.UART_SendByte                          0x08002750   Section        0  uart.o(i.UART_SendByte)
    i.UART_SendString                        0x0800276c   Section        0  uart.o(i.UART_SendString)
    i.USART1_IRQHandler                      0x0800278c   Section        0  uart.o(i.USART1_IRQHandler)
    i.UartCmd                                0x080027ac   Section        0  uartprotocol.o(i.UartCmd)
    i.UnRegisterCmdEvent                     0x08002858   Section        0  uartprotocol.o(i.UnRegisterCmdEvent)
    i.WriteBuff                              0x08002884   Section        0  uartprotocol.o(i.WriteBuff)
    WriteBuff                                0x08002885   Thumb Code    62  uartprotocol.o(i.WriteBuff)
    i.WriteByte                              0x080028d0   Section        0  uartprotocol.o(i.WriteByte)
    WriteByte                                0x080028d1   Thumb Code    38  uartprotocol.o(i.WriteByte)
    i.WriteDWord                             0x08002900   Section        0  uartprotocol.o(i.WriteDWord)
    WriteDWord                               0x08002901   Thumb Code   102  uartprotocol.o(i.WriteDWord)
    i.WriteFloat                             0x08002970   Section        0  uartprotocol.o(i.WriteFloat)
    WriteFloat                               0x08002971   Thumb Code   102  uartprotocol.o(i.WriteFloat)
    i.WriteWord                              0x080029e0   Section        0  uartprotocol.o(i.WriteWord)
    WriteWord                                0x080029e1   Thumb Code    62  uartprotocol.o(i.WriteWord)
    i.Writestr                               0x08002a28   Section        0  uartprotocol.o(i.Writestr)
    Writestr                                 0x08002a29   Thumb Code    48  uartprotocol.o(i.Writestr)
    i.ZeroDelay                              0x08002a64   Section        0  timer.o(i.ZeroDelay)
    i.__0sprintf$8                           0x08002a80   Section        0  printf8.o(i.__0sprintf$8)
    i.__ARM_fpclassify                       0x08002aa8   Section        0  fpclassify.o(i.__ARM_fpclassify)
    i.__aeabi_errno_addr                     0x08002ad0   Section        0  errno.o(i.__aeabi_errno_addr)
    i.__ieee754_rem_pio2                     0x08002ad8   Section        0  rred.o(i.__ieee754_rem_pio2)
    i.__kernel_cos                           0x08002e60   Section        0  cos_i.o(i.__kernel_cos)
    i.__kernel_poly                          0x08002f5c   Section        0  poly.o(i.__kernel_poly)
    i.__kernel_sin                           0x08003008   Section        0  sin_i.o(i.__kernel_sin)
    i.__mathlib_dbl_divzero                  0x080030f4   Section        0  dunder.o(i.__mathlib_dbl_divzero)
    i.__mathlib_dbl_infnan                   0x08003104   Section        0  dunder.o(i.__mathlib_dbl_infnan)
    i.__mathlib_dbl_infnan2                  0x0800310a   Section        0  dunder.o(i.__mathlib_dbl_infnan2)
    i.__mathlib_dbl_invalid                  0x0800310e   Section        0  dunder.o(i.__mathlib_dbl_invalid)
    i.__mathlib_dbl_overflow                 0x0800311a   Section        0  dunder.o(i.__mathlib_dbl_overflow)
    i.__mathlib_dbl_underflow                0x08003128   Section        0  dunder.o(i.__mathlib_dbl_underflow)
    i.__scatterload_copy                     0x08003138   Section       14  handlers.o(i.__scatterload_copy)
    i.__scatterload_null                     0x08003146   Section        2  handlers.o(i.__scatterload_null)
    i.__scatterload_zeroinit                 0x08003148   Section       14  handlers.o(i.__scatterload_zeroinit)
    i.__set_errno                            0x08003158   Section        0  errno.o(i.__set_errno)
    i._printf_core                           0x08003164   Section        0  printf8.o(i._printf_core)
    _printf_core                             0x08003165   Thumb Code   996  printf8.o(i._printf_core)
    i._printf_post_padding                   0x08003574   Section        0  printf8.o(i._printf_post_padding)
    _printf_post_padding                     0x08003575   Thumb Code    36  printf8.o(i._printf_post_padding)
    i._printf_pre_padding                    0x08003598   Section        0  printf8.o(i._printf_pre_padding)
    _printf_pre_padding                      0x08003599   Thumb Code    46  printf8.o(i._printf_pre_padding)
    i._sputc                                 0x080035c6   Section        0  printf8.o(i._sputc)
    _sputc                                   0x080035c7   Thumb Code    10  printf8.o(i._sputc)
    i.aack                                   0x080035d0   Section        0  uartprotocol.o(i.aack)
    i.abs32                                  0x080035dc   Section        0  pulse.o(i.abs32)
    i.ackpack                                0x080035ec   Section        0  uartprotocol.o(i.ackpack)
    i.calculate_delta                        0x08003614   Section        0  delta robot.o(i.calculate_delta)
    calculate_delta                          0x08003615   Thumb Code   426  delta robot.o(i.calculate_delta)
    i.cos                                    0x080037e0   Section        0  cos.o(i.cos)
    i.delay_init                             0x0800387c   Section        0  delay.o(i.delay_init)
    i.free                                   0x0800389c   Section        0  malloc.o(i.free)
    i.getData                                0x080038ec   Section        0  wifi.o(i.getData)
    getData                                  0x080038ed   Thumb Code   148  wifi.o(i.getData)
    i.getbuff                                0x0800399c   Section        0  uartprotocol.o(i.getbuff)
    getbuff                                  0x0800399d   Thumb Code    12  uartprotocol.o(i.getbuff)
    i.getcmd                                 0x080039b0   Section        0  uartprotocol.o(i.getcmd)
    getcmd                                   0x080039b1   Thumb Code     6  uartprotocol.o(i.getcmd)
    i.getlen                                 0x080039bc   Section        0  uartprotocol.o(i.getlen)
    getlen                                   0x080039bd   Thumb Code     6  uartprotocol.o(i.getlen)
    i.getsendbuff                            0x080039c8   Section        0  uartprotocol.o(i.getsendbuff)
    getsendbuff                              0x080039c9   Thumb Code    12  uartprotocol.o(i.getsendbuff)
    i.isLink                                 0x080039dc   Section        0  uartprotocol.o(i.isLink)
    i.isUse                                  0x080039f0   Section        0  timer.o(i.isUse)
    i.main                                   0x08003a0c   Section        0  main.o(i.main)
    i.malloc                                 0x08003adc   Section        0  malloc.o(i.malloc)
    i.noack                                  0x08003b48   Section        0  uartprotocol.o(i.noack)
    i.pow                                    0x08003b58   Section        0  pow.o(i.pow)
    i.recalc_delta_settings                  0x08004530   Section        0  delta robot.o(i.recalc_delta_settings)
    recalc_delta_settings                    0x08004531   Thumb Code   214  delta robot.o(i.recalc_delta_settings)
    i.sendServing                            0x0800462c   Section        0  wifi.o(i.sendServing)
    i.sendackpacket                          0x08004774   Section        0  uartprotocol.o(i.sendackpacket)
    i.setData                                0x08004798   Section        0  wifi.o(i.setData)
    setData                                  0x08004799   Thumb Code   212  wifi.o(i.setData)
    i.sin                                    0x08004888   Section        0  sin.o(i.sin)
    i.sqrt                                   0x08004928   Section        0  sqrt.o(i.sqrt)
    .constdata                               0x08004974   Section       24  uart.o(.constdata)
    .constdata                               0x0800498c   Section      104  uartprotocol.o(.constdata)
    UD                                       0x0800498c   Data          68  uartprotocol.o(.constdata)
    .constdata                               0x080049f4   Section       40  timer.o(.constdata)
    .constdata                               0x08004a1c   Section       56  wifi.o(.constdata)
    .constdata                               0x08004a54   Section       28  pulse.o(.constdata)
    .constdata                               0x08004a70   Section       16  delta robot.o(.constdata)
    .constdata                               0x08004a80   Section      136  pow.o(.constdata)
    bp                                       0x08004a80   Data          16  pow.o(.constdata)
    dp_h                                     0x08004a90   Data          16  pow.o(.constdata)
    dp_l                                     0x08004aa0   Data          16  pow.o(.constdata)
    L                                        0x08004ab0   Data          48  pow.o(.constdata)
    P                                        0x08004ae0   Data          40  pow.o(.constdata)
    .constdata                               0x08004b08   Section       48  cos_i.o(.constdata)
    C                                        0x08004b08   Data          48  cos_i.o(.constdata)
    .constdata                               0x08004b38   Section        8  qnan.o(.constdata)
    .constdata                               0x08004b40   Section      200  rred.o(.constdata)
    pio2s                                    0x08004b40   Data          48  rred.o(.constdata)
    twooverpi                                0x08004b70   Data         152  rred.o(.constdata)
    .constdata                               0x08004c08   Section       40  sin_i.o(.constdata)
    S                                        0x08004c08   Data          40  sin_i.o(.constdata)
    .constdata                               0x08004c30   Section      129  ctype_o.o(.constdata)
    .constdata                               0x08004cb4   Section        4  ctype_o.o(.constdata)
    table                                    0x08004cb4   Data           4  ctype_o.o(.constdata)
    .data                                    0x20000000   Section        4  main.o(.data)
    .data                                    0x20000004   Section        4  delay.o(.data)
    fac_us                                   0x20000004   Data           1  delay.o(.data)
    fac_ms                                   0x20000006   Data           2  delay.o(.data)
    .data                                    0x20000008   Section        8  uart.o(.data)
    f                                        0x2000000c   Data           4  uart.o(.data)
    .data                                    0x20000010   Section       30  uartprotocol.o(.data)
    count                                    0x2000002c   Data           2  uartprotocol.o(.data)
    .data                                    0x20000030   Section       13  timer.o(.data)
    BIT                                      0x2000003c   Data           1  timer.o(.data)
    .data                                    0x2000003e   Section       42  wifi.o(.data)
    .data                                    0x20000068   Section       24  pulse.o(.data)
    s                                        0x20000073   Data           1  pulse.o(.data)
    .data                                    0x20000080   Section       48  delta robot.o(.data)
    .data                                    0x200000b0   Section        4  mvars.o(.data)
    .data                                    0x200000b4   Section        4  mvars.o(.data)
    .data                                    0x200000b8   Section        4  errno.o(.data)
    _errno                                   0x200000b8   Data           4  errno.o(.data)
    .bss                                     0x200000bc   Section      128  uartprotocol.o(.bss)
    .bss                                     0x2000013c   Section       96  timer.o(.bss)
    .bss                                     0x2000019c   Section      448  wifi.o(.bss)
    .bss                                     0x2000035c   Section     4048  pulse.o(.bss)
    .bss                                     0x2000132c   Section       24  delta robot.o(.bss)
    HEAP                                     0x20001348   Section      256  startup_stm32f10x_md.o(HEAP)
    STACK                                    0x20001448   Section     2048  startup_stm32f10x_md.o(STACK)

    Global Symbols

    Symbol Name                              Value     Ov Type        Size  Object(Section)

    BuildAttributes$$THM_ISAv4$P$D$K$B$S$PE$A:L22UL41UL21$X:L11$S22US41US21$IEEE1$IW$USESV6$~STKCKD$USESV7$~SHL$OTIME$ROPI$IEEEX$EBA8$MICROLIB$REQ8$EABIv2 0x00000000   Number         0  anon$$obj.o ABSOLUTE
    __ARM_use_no_argv                        0x00000000   Number         0  main.o ABSOLUTE
    _printf_a                                0x00000000   Number         0  stubs.o ABSOLUTE
    _printf_c                                0x00000000   Number         0  stubs.o ABSOLUTE
    _printf_charcount                        0x00000000   Number         0  stubs.o ABSOLUTE
    _printf_d                                0x00000000   Number         0  stubs.o ABSOLUTE
    _printf_e                                0x00000000   Number         0  stubs.o ABSOLUTE
    _printf_f                                0x00000000   Number         0  stubs.o ABSOLUTE
    _printf_flags                            0x00000000   Number         0  stubs.o ABSOLUTE
    _printf_fp_dec                           0x00000000   Number         0  stubs.o ABSOLUTE
    _printf_fp_hex                           0x00000000   Number         0  stubs.o ABSOLUTE
    _printf_g                                0x00000000   Number         0  stubs.o ABSOLUTE
    _printf_i                                0x00000000   Number         0  stubs.o ABSOLUTE
    _printf_int_dec                          0x00000000   Number         0  stubs.o ABSOLUTE
    _printf_l                                0x00000000   Number         0  stubs.o ABSOLUTE
    _printf_lc                               0x00000000   Number         0  stubs.o ABSOLUTE
    _printf_ll                               0x00000000   Number         0  stubs.o ABSOLUTE
    _printf_lld                              0x00000000   Number         0  stubs.o ABSOLUTE
    _printf_lli                              0x00000000   Number         0  stubs.o ABSOLUTE
    _printf_llo                              0x00000000   Number         0  stubs.o ABSOLUTE
    _printf_llu                              0x00000000   Number         0  stubs.o ABSOLUTE
    _printf_llx                              0x00000000   Number         0  stubs.o ABSOLUTE
    _printf_longlong_dec                     0x00000000   Number         0  stubs.o ABSOLUTE
    _printf_longlong_hex                     0x00000000   Number         0  stubs.o ABSOLUTE
    _printf_longlong_oct                     0x00000000   Number         0  stubs.o ABSOLUTE
    _printf_ls                               0x00000000   Number         0  stubs.o ABSOLUTE
    _printf_mbtowc                           0x00000000   Number         0  stubs.o ABSOLUTE
    _printf_n                                0x00000000   Number         0  stubs.o ABSOLUTE
    _printf_o                                0x00000000   Number         0  stubs.o ABSOLUTE
    _printf_p                                0x00000000   Number         0  stubs.o ABSOLUTE
    _printf_percent                          0x00000000   Number         0  stubs.o ABSOLUTE
    _printf_pre_padding                      0x00000000   Number         0  stubs.o ABSOLUTE
    _printf_return_value                     0x00000000   Number         0  stubs.o ABSOLUTE
    _printf_s                                0x00000000   Number         0  stubs.o ABSOLUTE
    _printf_sizespec                         0x00000000   Number         0  stubs.o ABSOLUTE
    _printf_str                              0x00000000   Number         0  stubs.o ABSOLUTE
    _printf_truncate_signed                  0x00000000   Number         0  stubs.o ABSOLUTE
    _printf_truncate_unsigned                0x00000000   Number         0  stubs.o ABSOLUTE
    _printf_u                                0x00000000   Number         0  stubs.o ABSOLUTE
    _printf_wc                               0x00000000   Number         0  stubs.o ABSOLUTE
    _printf_wctomb                           0x00000000   Number         0  stubs.o ABSOLUTE
    _printf_widthprec                        0x00000000   Number         0  stubs.o ABSOLUTE
    _printf_x                                0x00000000   Number         0  stubs.o ABSOLUTE
    __cpp_initialize__aeabi_                  - Undefined Weak Reference
    __cxa_finalize                            - Undefined Weak Reference
    __decompress                              - Undefined Weak Reference
    _clock_init                               - Undefined Weak Reference
    _microlib_exit                            - Undefined Weak Reference
    __Vectors_Size                           0x000000ec   Number         0  startup_stm32f10x_md.o ABSOLUTE
    __Vectors                                0x08000000   Data           4  startup_stm32f10x_md.o(RESET)
    __Vectors_End                            0x080000ec   Data           0  startup_stm32f10x_md.o(RESET)
    __main                                   0x080000ed   Thumb Code     0  entry.o(.ARM.Collect$$$$00000000)
    _main_stk                                0x080000ed   Thumb Code     0  entry2.o(.ARM.Collect$$$$00000001)
    _main_scatterload                        0x080000f1   Thumb Code     0  entry5.o(.ARM.Collect$$$$00000004)
    __main_after_scatterload                 0x080000f5   Thumb Code     0  entry5.o(.ARM.Collect$$$$00000004)
    _main_clock                              0x080000f5   Thumb Code     0  entry7b.o(.ARM.Collect$$$$00000008)
    _main_cpp_init                           0x080000f5   Thumb Code     0  entry8b.o(.ARM.Collect$$$$0000000A)
    _main_init                               0x080000f5   Thumb Code     0  entry9a.o(.ARM.Collect$$$$0000000B)
    __rt_final_cpp                           0x080000fd   Thumb Code     0  entry10a.o(.ARM.Collect$$$$0000000D)
    __rt_final_exit                          0x080000fd   Thumb Code     0  entry11a.o(.ARM.Collect$$$$0000000F)
    GetSP                                    0x08000101   Thumb Code     4  timer.o(.emb_text)
    GetBreakAddr                             0x08000105   Thumb Code    28  timer.o(.emb_text)
    Reset_Handler                            0x08000125   Thumb Code     4  startup_stm32f10x_md.o(.text)
    NMI_Handler                              0x08000129   Thumb Code     2  startup_stm32f10x_md.o(.text)
    HardFault_Handler                        0x0800012b   Thumb Code     2  startup_stm32f10x_md.o(.text)
    MemManage_Handler                        0x0800012d   Thumb Code     2  startup_stm32f10x_md.o(.text)
    BusFault_Handler                         0x0800012f   Thumb Code     2  startup_stm32f10x_md.o(.text)
    UsageFault_Handler                       0x08000131   Thumb Code     2  startup_stm32f10x_md.o(.text)
    SVC_Handler                              0x08000133   Thumb Code     2  startup_stm32f10x_md.o(.text)
    DebugMon_Handler                         0x08000135   Thumb Code     2  startup_stm32f10x_md.o(.text)
    PendSV_Handler                           0x08000137   Thumb Code     2  startup_stm32f10x_md.o(.text)
    ADC1_2_IRQHandler                        0x0800013b   Thumb Code     0  startup_stm32f10x_md.o(.text)
    CAN1_RX1_IRQHandler                      0x0800013b   Thumb Code     0  startup_stm32f10x_md.o(.text)
    CAN1_SCE_IRQHandler                      0x0800013b   Thumb Code     0  startup_stm32f10x_md.o(.text)
    DMA1_Channel1_IRQHandler                 0x0800013b   Thumb Code     0  startup_stm32f10x_md.o(.text)
    DMA1_Channel2_IRQHandler                 0x0800013b   Thumb Code     0  startup_stm32f10x_md.o(.text)
    DMA1_Channel3_IRQHandler                 0x0800013b   Thumb Code     0  startup_stm32f10x_md.o(.text)
    DMA1_Channel4_IRQHandler                 0x0800013b   Thumb Code     0  startup_stm32f10x_md.o(.text)
    DMA1_Channel5_IRQHandler                 0x0800013b   Thumb Code     0  startup_stm32f10x_md.o(.text)
    DMA1_Channel6_IRQHandler                 0x0800013b   Thumb Code     0  startup_stm32f10x_md.o(.text)
    DMA1_Channel7_IRQHandler                 0x0800013b   Thumb Code     0  startup_stm32f10x_md.o(.text)
    EXTI15_10_IRQHandler                     0x0800013b   Thumb Code     0  startup_stm32f10x_md.o(.text)
    EXTI3_IRQHandler                         0x0800013b   Thumb Code     0  startup_stm32f10x_md.o(.text)
    EXTI4_IRQHandler                         0x0800013b   Thumb Code     0  startup_stm32f10x_md.o(.text)
    EXTI9_5_IRQHandler                       0x0800013b   Thumb Code     0  startup_stm32f10x_md.o(.text)
    FLASH_IRQHandler                         0x0800013b   Thumb Code     0  startup_stm32f10x_md.o(.text)
    I2C1_ER_IRQHandler                       0x0800013b   Thumb Code     0  startup_stm32f10x_md.o(.text)
    I2C1_EV_IRQHandler                       0x0800013b   Thumb Code     0  startup_stm32f10x_md.o(.text)
    I2C2_ER_IRQHandler                       0x0800013b   Thumb Code     0  startup_stm32f10x_md.o(.text)
    I2C2_EV_IRQHandler                       0x0800013b   Thumb Code     0  startup_stm32f10x_md.o(.text)
    PVD_IRQHandler                           0x0800013b   Thumb Code     0  startup_stm32f10x_md.o(.text)
    RCC_IRQHandler                           0x0800013b   Thumb Code     0  startup_stm32f10x_md.o(.text)
    RTCAlarm_IRQHandler                      0x0800013b   Thumb Code     0  startup_stm32f10x_md.o(.text)
    RTC_IRQHandler                           0x0800013b   Thumb Code     0  startup_stm32f10x_md.o(.text)
    SPI1_IRQHandler                          0x0800013b   Thumb Code     0  startup_stm32f10x_md.o(.text)
    SPI2_IRQHandler                          0x0800013b   Thumb Code     0  startup_stm32f10x_md.o(.text)
    TAMPER_IRQHandler                        0x0800013b   Thumb Code     0  startup_stm32f10x_md.o(.text)
    TIM1_BRK_IRQHandler                      0x0800013b   Thumb Code     0  startup_stm32f10x_md.o(.text)
    TIM1_CC_IRQHandler                       0x0800013b   Thumb Code     0  startup_stm32f10x_md.o(.text)
    TIM1_TRG_COM_IRQHandler                  0x0800013b   Thumb Code     0  startup_stm32f10x_md.o(.text)
    TIM1_UP_IRQHandler                       0x0800013b   Thumb Code     0  startup_stm32f10x_md.o(.text)
    TIM2_IRQHandler                          0x0800013b   Thumb Code     0  startup_stm32f10x_md.o(.text)
    TIM4_IRQHandler                          0x0800013b   Thumb Code     0  startup_stm32f10x_md.o(.text)
    USART2_IRQHandler                        0x0800013b   Thumb Code     0  startup_stm32f10x_md.o(.text)
    USART3_IRQHandler                        0x0800013b   Thumb Code     0  startup_stm32f10x_md.o(.text)
    USBWakeUp_IRQHandler                     0x0800013b   Thumb Code     0  startup_stm32f10x_md.o(.text)
    USB_HP_CAN1_TX_IRQHandler                0x0800013b   Thumb Code     0  startup_stm32f10x_md.o(.text)
    USB_LP_CAN1_RX0_IRQHandler               0x0800013b   Thumb Code     0  startup_stm32f10x_md.o(.text)
    WWDG_IRQHandler                          0x0800013b   Thumb Code     0  startup_stm32f10x_md.o(.text)
    __aeabi_memset                           0x08000141   Thumb Code    14  memseta.o(.text)
    __aeabi_memset4                          0x08000141   Thumb Code     0  memseta.o(.text)
    __aeabi_memset8                          0x08000141   Thumb Code     0  memseta.o(.text)
    __aeabi_memclr                           0x0800014f   Thumb Code     4  memseta.o(.text)
    __aeabi_memclr4                          0x0800014f   Thumb Code     0  memseta.o(.text)
    __aeabi_memclr8                          0x0800014f   Thumb Code     0  memseta.o(.text)
    _memset$wrapper                          0x08000153   Thumb Code    18  memseta.o(.text)
    strcat                                   0x08000165   Thumb Code    24  strcat.o(.text)
    strstr                                   0x0800017d   Thumb Code    36  strstr.o(.text)
    atoi                                     0x080001a1   Thumb Code    26  atoi.o(.text)
    __aeabi_fadd                             0x080001bb   Thumb Code   164  fadd.o(.text)
    __aeabi_fsub                             0x0800025f   Thumb Code     6  fadd.o(.text)
    __aeabi_frsub                            0x08000265   Thumb Code     6  fadd.o(.text)
    __aeabi_fmul                             0x0800026b   Thumb Code   100  fmul.o(.text)
    __aeabi_fdiv                             0x080002cf   Thumb Code   124  fdiv.o(.text)
    __aeabi_dadd                             0x0800034b   Thumb Code   322  dadd.o(.text)
    __aeabi_dsub                             0x0800048d   Thumb Code     6  dadd.o(.text)
    __aeabi_drsub                            0x08000493   Thumb Code     6  dadd.o(.text)
    __aeabi_dmul                             0x08000499   Thumb Code   228  dmul.o(.text)
    __aeabi_ddiv                             0x0800057d   Thumb Code   222  ddiv.o(.text)
    __aeabi_i2f                              0x0800065b   Thumb Code    18  fflti.o(.text)
    __aeabi_i2d                              0x0800066d   Thumb Code    34  dflti.o(.text)
    __aeabi_f2iz                             0x0800068f   Thumb Code    50  ffixi.o(.text)
    __aeabi_d2iz                             0x080006c1   Thumb Code    62  dfixi.o(.text)
    __aeabi_f2d                              0x080006ff   Thumb Code    38  f2d.o(.text)
    __aeabi_d2f                              0x08000725   Thumb Code    56  d2f.o(.text)
    __aeabi_uldivmod                         0x0800075d   Thumb Code    98  uldiv.o(.text)
    __aeabi_llsl                             0x080007bf   Thumb Code    30  llshl.o(.text)
    _ll_shift_l                              0x080007bf   Thumb Code     0  llshl.o(.text)
    __aeabi_llsr                             0x080007dd   Thumb Code    32  llushr.o(.text)
    _ll_ushift_r                             0x080007dd   Thumb Code     0  llushr.o(.text)
    __aeabi_lasr                             0x080007fd   Thumb Code    36  llsshr.o(.text)
    _ll_sshift_r                             0x080007fd   Thumb Code     0  llsshr.o(.text)
    strtol                                   0x08000821   Thumb Code   112  strtol.o(.text)
    __I$use$fp                               0x08000891   Thumb Code     0  iusefp.o(.text)
    _float_round                             0x08000891   Thumb Code    18  fepilogue.o(.text)
    _float_epilogue                          0x080008a3   Thumb Code    92  fepilogue.o(.text)
    _double_round                            0x080008ff   Thumb Code    30  depilogue.o(.text)
    _double_epilogue                         0x0800091d   Thumb Code   156  depilogue.o(.text)
    __ARM_scalbn                             0x080009b9   Thumb Code    46  dscalb.o(.text)
    scalbn                                   0x080009b9   Thumb Code     0  dscalb.o(.text)
    _dsqrt                                   0x080009e7   Thumb Code   162  dsqrt.o(.text)
    __aeabi_cdrcmple                         0x08000a89   Thumb Code    48  cdrcmple.o(.text)
    __scatterload                            0x08000ab9   Thumb Code    28  init.o(.text)
    __scatterload_rt2                        0x08000ab9   Thumb Code     0  init.o(.text)
    __rt_ctype_table                         0x08000add   Thumb Code     4  ctype_o.o(.text)
    _strtoul                                 0x08000ae5   Thumb Code   158  _strtoul.o(.text)
    __aeabi_ui2d                             0x08000b83   Thumb Code    26  dfltui.o(.text)
    _chval                                   0x08000b9d   Thumb Code    28  _chval.o(.text)
    AddDelay                                 0x08000bb9   Thumb Code    36  timer.o(i.AddDelay)
    AliveEvent                               0x08000be5   Thumb Code   372  wifi.o(i.AliveEvent)
    CallFun                                  0x08000e95   Thumb Code     8  timer.o(i.CallFun)
    DeErrEvent                               0x08000fdd   Thumb Code   342  wifi.o(i.DeErrEvent)
    Delay                                    0x08001149   Thumb Code    58  timer.o(i.Delay)
    EXTI0_IRQHandler                         0x080011a9   Thumb Code    32  pulse.o(i.EXTI0_IRQHandler)
    EXTI1_IRQHandler                         0x080011d9   Thumb Code    32  pulse.o(i.EXTI1_IRQHandler)
    EXTI2_IRQHandler                         0x08001209   Thumb Code    32  pulse.o(i.EXTI2_IRQHandler)
    Ex_NVIC_Config                           0x08001239   Thumb Code   146  sys.o(i.Ex_NVIC_Config)
    GetDataEvent                             0x0800135d   Thumb Code   136  main.o(i.GetDataEvent)
    InitTimer                                0x080015e5   Thumb Code    44  timer.o(i.InitTimer)
    JTAG_Set                                 0x08001611   Thumb Code    38  sys.o(i.JTAG_Set)
    KillThisTimer                            0x08001641   Thumb Code    34  timer.o(i.KillThisTimer)
    KillTimer                                0x0800166d   Thumb Code    32  timer.o(i.KillTimer)
    MYRCC_DeInit                             0x08001691   Thumb Code    90  sys.o(i.MYRCC_DeInit)
    MY_NVIC_Init                             0x080016f9   Thumb Code   106  sys.o(i.MY_NVIC_Init)
    MY_NVIC_PriorityGroupConfig              0x0800176d   Thumb Code    32  sys.o(i.MY_NVIC_PriorityGroupConfig)
    MY_NVIC_SetVectorTable                   0x08001795   Thumb Code    12  sys.o(i.MY_NVIC_SetVectorTable)
    OnRecvData                               0x080017a9   Thumb Code   320  uartprotocol.o(i.OnRecvData)
    QueueInit                                0x08001909   Thumb Code    10  pulse.o(i.QueueInit)
    RegisterCmdEvent                         0x08001a61   Thumb Code     8  uartprotocol.o(i.RegisterCmdEvent)
    SendCmdPack                              0x08001ad5   Thumb Code    62  uartprotocol.o(i.SendCmdPack)
    SendMeIPEvent                            0x08001b19   Thumb Code    84  wifi.o(i.SendMeIPEvent)
    SendPack                                 0x08001b89   Thumb Code    94  uartprotocol.o(i.SendPack)
    SetDataEvent                             0x08001bed   Thumb Code   716  main.o(i.SetDataEvent)
    SetDelay                                 0x08001ee1   Thumb Code    16  timer.o(i.SetDelay)
    SetTimer                                 0x08001f71   Thumb Code    86  timer.o(i.SetTimer)
    Stm32_Clock_Init                         0x080020d9   Thumb Code   134  sys.o(i.Stm32_Clock_Init)
    SysTick_Handler                          0x08002185   Thumb Code    62  timer.o(i.SysTick_Handler)
    TIM3_IRQHandler                          0x080021cd   Thumb Code   736  pulse.o(i.TIM3_IRQHandler)
    TimerRun                                 0x0800252d   Thumb Code   190  timer.o(i.TimerRun)
    UART_Init                                0x08002601   Thumb Code   160  uart.o(i.UART_Init)
    UART_OnRecv                              0x080026c1   Thumb Code     6  uart.o(i.UART_OnRecv)
    UART_ReSetBps                            0x080026cd   Thumb Code    86  uart.o(i.UART_ReSetBps)
    UART_SendBuff                            0x0800272d   Thumb Code    34  uart.o(i.UART_SendBuff)
    UART_SendByte                            0x08002751   Thumb Code    22  uart.o(i.UART_SendByte)
    UART_SendString                          0x0800276d   Thumb Code    30  uart.o(i.UART_SendString)
    USART1_IRQHandler                        0x0800278d   Thumb Code    24  uart.o(i.USART1_IRQHandler)
    UartCmd                                  0x080027ad   Thumb Code   136  uartprotocol.o(i.UartCmd)
    UnRegisterCmdEvent                       0x08002859   Thumb Code    38  uartprotocol.o(i.UnRegisterCmdEvent)
    ZeroDelay                                0x08002a65   Thumb Code    20  timer.o(i.ZeroDelay)
    __0sprintf$8                             0x08002a81   Thumb Code    34  printf8.o(i.__0sprintf$8)
    __1sprintf$8                             0x08002a81   Thumb Code     0  printf8.o(i.__0sprintf$8)
    __2sprintf                               0x08002a81   Thumb Code     0  printf8.o(i.__0sprintf$8)
    __ARM_fpclassify                         0x08002aa9   Thumb Code    40  fpclassify.o(i.__ARM_fpclassify)
    __aeabi_errno_addr                       0x08002ad1   Thumb Code     4  errno.o(i.__aeabi_errno_addr)
    __rt_errno_addr                          0x08002ad1   Thumb Code     0  errno.o(i.__aeabi_errno_addr)
    __ieee754_rem_pio2                       0x08002ad9   Thumb Code   828  rred.o(i.__ieee754_rem_pio2)
    __kernel_cos                             0x08002e61   Thumb Code   230  cos_i.o(i.__kernel_cos)
    __kernel_poly                            0x08002f5d   Thumb Code   170  poly.o(i.__kernel_poly)
    __kernel_sin                             0x08003009   Thumb Code   224  sin_i.o(i.__kernel_sin)
    __mathlib_dbl_divzero                    0x080030f5   Thumb Code    12  dunder.o(i.__mathlib_dbl_divzero)
    __mathlib_dbl_infnan                     0x08003105   Thumb Code     6  dunder.o(i.__mathlib_dbl_infnan)
    __mathlib_dbl_infnan2                    0x0800310b   Thumb Code     4  dunder.o(i.__mathlib_dbl_infnan2)
    __mathlib_dbl_invalid                    0x0800310f   Thumb Code    12  dunder.o(i.__mathlib_dbl_invalid)
    __mathlib_dbl_overflow                   0x0800311b   Thumb Code    14  dunder.o(i.__mathlib_dbl_overflow)
    __mathlib_dbl_underflow                  0x08003129   Thumb Code    10  dunder.o(i.__mathlib_dbl_underflow)
    __scatterload_copy                       0x08003139   Thumb Code    14  handlers.o(i.__scatterload_copy)
    __scatterload_null                       0x08003147   Thumb Code     2  handlers.o(i.__scatterload_null)
    __scatterload_zeroinit                   0x08003149   Thumb Code    14  handlers.o(i.__scatterload_zeroinit)
    __set_errno                              0x08003159   Thumb Code     6  errno.o(i.__set_errno)
    aack                                     0x080035d1   Thumb Code     6  uartprotocol.o(i.aack)
    abs32                                    0x080035dd   Thumb Code    14  pulse.o(i.abs32)
    ackpack                                  0x080035ed   Thumb Code    30  uartprotocol.o(i.ackpack)
    cos                                      0x080037e1   Thumb Code   148  cos.o(i.cos)
    delay_init                               0x0800387d   Thumb Code    24  delay.o(i.delay_init)
    free                                     0x0800389d   Thumb Code    76  malloc.o(i.free)
    isLink                                   0x080039dd   Thumb Code    14  uartprotocol.o(i.isLink)
    isUse                                    0x080039f1   Thumb Code    22  timer.o(i.isUse)
    main                                     0x08003a0d   Thumb Code   166  main.o(i.main)
    malloc                                   0x08003add   Thumb Code    92  malloc.o(i.malloc)
    noack                                    0x08003b49   Thumb Code    12  uartprotocol.o(i.noack)
    pow                                      0x08003b59   Thumb Code  2512  pow.o(i.pow)
    sendServing                              0x0800462d   Thumb Code   270  wifi.o(i.sendServing)
    sendackpacket                            0x08004775   Thumb Code    28  uartprotocol.o(i.sendackpacket)
    sin                                      0x08004889   Thumb Code   150  sin.o(i.sin)
    sqrt                                     0x08004929   Thumb Code    76  sqrt.o(i.sqrt)
    UART                                     0x08004974   Data          24  uart.o(.constdata)
    UartProtocol                             0x080049d0   Data          36  uartprotocol.o(.constdata)
    Timer                                    0x080049f4   Data          40  timer.o(.constdata)
    wifi                                     0x08004a1c   Data          56  wifi.o(.constdata)
    Axis                                     0x08004a54   Data          28  pulse.o(.constdata)
    Delta                                    0x08004a70   Data          16  delta robot.o(.constdata)
    __mathlib_zero                           0x08004b38   Data           8  qnan.o(.constdata)
    __ctype_table                            0x08004c30   Data         129  ctype_o.o(.constdata)
    Region$$Table$$Base                      0x08004cb8   Number         0  anon$$obj.o(Region$$Table)
    Region$$Table$$Limit                     0x08004cd8   Number         0  anon$$obj.o(Region$$Table)
    bufF                                     0x20000000   Data           2  main.o(.data)
    lastid                                   0x20000002   Data           1  main.o(.data)
    o                                        0x20000003   Data           1  main.o(.data)
    OnRecv                                   0x20000008   Data           4  uart.o(.data)
    packlen                                  0x20000010   Data           2  uartprotocol.o(.data)
    packbuff                                 0x20000014   Data           4  uartprotocol.o(.data)
    sendbuff                                 0x20000018   Data           4  uartprotocol.o(.data)
    recvmode                                 0x2000001c   Data           1  uartprotocol.o(.data)
    RecvFlag                                 0x2000001d   Data           1  uartprotocol.o(.data)
    RecvCheck                                0x2000001e   Data           1  uartprotocol.o(.data)
    TimeOut                                  0x2000001f   Data           1  uartprotocol.o(.data)
    LinkTimeOut                              0x20000020   Data           2  uartprotocol.o(.data)
    recvcmd                                  0x20000022   Data           1  uartprotocol.o(.data)
    savecmd                                  0x20000023   Data           1  uartprotocol.o(.data)
    AutoACK                                  0x20000024   Data           1  uartprotocol.o(.data)
    recvdatapos                              0x20000026   Data           2  uartprotocol.o(.data)
    senddatapos                              0x20000028   Data           2  uartprotocol.o(.data)
    decodeErrlen                             0x2000002a   Data           2  uartprotocol.o(.data)
    this                                     0x20000030   Data           1  timer.o(.data)
    TimerUse                                 0x20000031   Data           1  timer.o(.data)
    InputSP                                  0x20000034   Data           4  timer.o(.data)
    TimerTick                                0x20000038   Data           4  timer.o(.data)
    recvID                                   0x2000003e   Data           1  wifi.o(.data)
    retRecvID                                0x2000003f   Data           1  wifi.o(.data)
    recvarrayid                              0x20000040   Data           3  wifi.o(.data)
    recvdatalen                              0x20000044   Data           6  wifi.o(.data)
    recvdatabit                              0x2000004a   Data           3  wifi.o(.data)
    sendID                                   0x2000004d   Data           1  wifi.o(.data)
    retSendID                                0x2000004e   Data           1  wifi.o(.data)
    sendarrayid                              0x2000004f   Data           4  wifi.o(.data)
    senddatalen                              0x20000054   Data           6  wifi.o(.data)
    senddatabit                              0x2000005a   Data           3  wifi.o(.data)
    remoteDevCount                           0x2000005d   Data           1  wifi.o(.data)
    SeleRemoteDev                            0x2000005e   Data           1  wifi.o(.data)
    sendIP                                   0x2000005f   Data           4  wifi.o(.data)
    scannCount                               0x20000063   Data           1  wifi.o(.data)
    GetIPID                                  0x20000064   Data           1  wifi.o(.data)
    scannBut                                 0x20000065   Data           1  wifi.o(.data)
    countScann                               0x20000066   Data           1  wifi.o(.data)
    countip                                  0x20000067   Data           1  wifi.o(.data)
    MAXF                                     0x20000068   Data           4  pulse.o(.data)
    MAXQ                                     0x2000006c   Data           1  pulse.o(.data)
    run                                      0x2000006d   Data           1  pulse.o(.data)
    Constatus                                0x2000006e   Data           1  pulse.o(.data)
    resetxyz                                 0x2000006f   Data           1  pulse.o(.data)
    xre                                      0x20000070   Data           1  pulse.o(.data)
    yre                                      0x20000071   Data           1  pulse.o(.data)
    zre                                      0x20000072   Data           1  pulse.o(.data)
    minerr                                   0x20000074   Data          12  pulse.o(.data)
    height                                   0x20000080   Data           4  delta robot.o(.data)
    DELTA_DIAGONAL_ROD                       0x20000084   Data           4  delta robot.o(.data)
    DELTA_SMOOTH_ROD_OFFSET                  0x20000088   Data           4  delta robot.o(.data)
    DELTA_EFFECTOR_OFFSET                    0x2000008c   Data           4  delta robot.o(.data)
    DELTA_CARRIAGE_OFFSET                    0x20000090   Data           4  delta robot.o(.data)
    delta_tower1_x                           0x20000094   Data           4  delta robot.o(.data)
    delta_tower1_y                           0x20000098   Data           4  delta robot.o(.data)
    delta_tower2_x                           0x2000009c   Data           4  delta robot.o(.data)
    delta_tower2_y                           0x200000a0   Data           4  delta robot.o(.data)
    delta_tower3_x                           0x200000a4   Data           4  delta robot.o(.data)
    delta_tower3_y                           0x200000a8   Data           4  delta robot.o(.data)
    delta_diagonal_rod_2                     0x200000ac   Data           4  delta robot.o(.data)
    __microlib_freelist                      0x200000b0   Data           4  mvars.o(.data)
    __microlib_freelist_initialised          0x200000b4   Data           4  mvars.o(.data)
    UartCmdEvent                             0x200000bc   Data          64  uartprotocol.o(.bss)
    buffdata                                 0x200000fc   Data          64  uartprotocol.o(.bss)
    TimerList                                0x2000013c   Data          96  timer.o(.bss)
    recvarraydata                            0x2000019c   Data          12  wifi.o(.bss)
    sendarraydata                            0x200001a8   Data          12  wifi.o(.bss)
    remoteDev                                0x200001b4   Data         384  wifi.o(.bss)
    meDev                                    0x20000334   Data          24  wifi.o(.bss)
    sendIPstr                                0x2000034c   Data          16  wifi.o(.bss)
    QueueAxis                                0x2000035c   Data        4008  pulse.o(.bss)
    axis                                     0x20001304   Data          40  pulse.o(.bss)
    delta                                    0x2000132c   Data          12  delta robot.o(.bss)
    deltaZ                                   0x20001338   Data          12  delta robot.o(.bss)
    __heap_base                              0x20001348   Data           0  startup_stm32f10x_md.o(HEAP)
    __heap_limit                             0x20001448   Data           0  startup_stm32f10x_md.o(HEAP)
    __initial_sp                             0x20001c48   Data           0  startup_stm32f10x_md.o(STACK)



==============================================================================

Memory Map of the image

  Image Entry point : 0x080000ed

  Load Region LR_IROM1 (Base: 0x08000000, Size: 0x00004d94, Max: 0x00010000, ABSOLUTE)

    Execution Region ER_IROM1 (Base: 0x08000000, Size: 0x00004cd8, Max: 0x00010000, ABSOLUTE)

    Base Addr    Size         Type   Attr      Idx    E Section Name        Object

    0x08000000   0x000000ec   Data   RO           93    RESET               startup_stm32f10x_md.o
    0x080000ec   0x00000000   Code   RO         1926  * .ARM.Collect$$$$00000000  mc_w.l(entry.o)
    0x080000ec   0x00000004   Code   RO         2309    .ARM.Collect$$$$00000001  mc_w.l(entry2.o)
    0x080000f0   0x00000004   Code   RO         2312    .ARM.Collect$$$$00000004  mc_w.l(entry5.o)
    0x080000f4   0x00000000   Code   RO         2314    .ARM.Collect$$$$00000008  mc_w.l(entry7b.o)
    0x080000f4   0x00000000   Code   RO         2316    .ARM.Collect$$$$0000000A  mc_w.l(entry8b.o)
    0x080000f4   0x00000008   Code   RO         2317    .ARM.Collect$$$$0000000B  mc_w.l(entry9a.o)
    0x080000fc   0x00000000   Code   RO         2319    .ARM.Collect$$$$0000000D  mc_w.l(entry10a.o)
    0x080000fc   0x00000000   Code   RO         2321    .ARM.Collect$$$$0000000F  mc_w.l(entry11a.o)
    0x080000fc   0x00000004   Code   RO         2310    .ARM.Collect$$$$00002712  mc_w.l(entry2.o)
    0x08000100   0x00000024   Code   RO          617    .emb_text           timer.o
    0x08000124   0x0000001c   Code   RO           94    .text               startup_stm32f10x_md.o
    0x08000140   0x00000024   Code   RO         1933    .text               mc_w.l(memseta.o)
    0x08000164   0x00000018   Code   RO         1935    .text               mc_w.l(strcat.o)
    0x0800017c   0x00000024   Code   RO         1937    .text               mc_w.l(strstr.o)
    0x080001a0   0x0000001a   Code   RO         2232    .text               mc_w.l(atoi.o)
    0x080001ba   0x000000b0   Code   RO         2234    .text               mf_w.l(fadd.o)
    0x0800026a   0x00000064   Code   RO         2236    .text               mf_w.l(fmul.o)
    0x080002ce   0x0000007c   Code   RO         2238    .text               mf_w.l(fdiv.o)
    0x0800034a   0x0000014e   Code   RO         2240    .text               mf_w.l(dadd.o)
    0x08000498   0x000000e4   Code   RO         2242    .text               mf_w.l(dmul.o)
    0x0800057c   0x000000de   Code   RO         2244    .text               mf_w.l(ddiv.o)
    0x0800065a   0x00000012   Code   RO         2246    .text               mf_w.l(fflti.o)
    0x0800066c   0x00000022   Code   RO         2250    .text               mf_w.l(dflti.o)
    0x0800068e   0x00000032   Code   RO         2252    .text               mf_w.l(ffixi.o)
    0x080006c0   0x0000003e   Code   RO         2256    .text               mf_w.l(dfixi.o)
    0x080006fe   0x00000026   Code   RO         2258    .text               mf_w.l(f2d.o)
    0x08000724   0x00000038   Code   RO         2260    .text               mf_w.l(d2f.o)
    0x0800075c   0x00000062   Code   RO         2328    .text               mc_w.l(uldiv.o)
    0x080007be   0x0000001e   Code   RO         2330    .text               mc_w.l(llshl.o)
    0x080007dc   0x00000020   Code   RO         2332    .text               mc_w.l(llushr.o)
    0x080007fc   0x00000024   Code   RO         2334    .text               mc_w.l(llsshr.o)
    0x08000820   0x00000070   Code   RO         2345    .text               mc_w.l(strtol.o)
    0x08000890   0x00000000   Code   RO         2347    .text               mc_w.l(iusefp.o)
    0x08000890   0x0000006e   Code   RO         2348    .text               mf_w.l(fepilogue.o)
    0x080008fe   0x000000ba   Code   RO         2350    .text               mf_w.l(depilogue.o)
    0x080009b8   0x0000002e   Code   RO         2352    .text               mf_w.l(dscalb.o)
    0x080009e6   0x000000a2   Code   RO         2354    .text               mf_w.l(dsqrt.o)
    0x08000a88   0x00000030   Code   RO         2360    .text               mf_w.l(cdrcmple.o)
    0x08000ab8   0x00000024   Code   RO         2362    .text               mc_w.l(init.o)
    0x08000adc   0x00000008   Code   RO         2365    .text               mc_w.l(ctype_o.o)
    0x08000ae4   0x0000009e   Code   RO         2393    .text               mc_w.l(_strtoul.o)
    0x08000b82   0x0000001a   Code   RO         2396    .text               mf_w.l(dfltui.o)
    0x08000b9c   0x0000001c   Code   RO         2398    .text               mc_w.l(_chval.o)
    0x08000bb8   0x0000002c   Code   RO          618    i.AddDelay          timer.o
    0x08000be4   0x0000018c   Code   RO         1499    i.AliveEvent        wifi.o
    0x08000d70   0x00000124   Code   RO         1703    i.AxisBuffInmm      pulse.o
    0x08000e94   0x00000008   Code   RO          619    i.CallFun           timer.o
    0x08000e9c   0x0000004c   Code   RO         1705    i.ConXYZ            pulse.o
    0x08000ee8   0x00000044   Code   RO         1500    i.ConnectSend       wifi.o
    0x08000f2c   0x000000b0   Code   RO         1501    i.ConnectSendCode   wifi.o
    0x08000fdc   0x0000016c   Code   RO         1502    i.DeErrEvent        wifi.o
    0x08001148   0x00000044   Code   RO          620    i.Delay             timer.o
    0x0800118c   0x0000001c   Code   RO         1706    i.DownXYZ           pulse.o
    0x080011a8   0x00000030   Code   RO         1707    i.EXTI0_IRQHandler  pulse.o
    0x080011d8   0x00000030   Code   RO         1708    i.EXTI1_IRQHandler  pulse.o
    0x08001208   0x00000030   Code   RO         1709    i.EXTI2_IRQHandler  pulse.o
    0x08001238   0x000000a0   Code   RO          149    i.Ex_NVIC_Config    sys.o
    0x080012d8   0x00000084   Code   RO         1710    i.ExtiInit          pulse.o
    0x0800135c   0x00000094   Code   RO            1    i.GetDataEvent      main.o
    0x080013f0   0x00000050   Code   RO         1503    i.GetIPIDCmd        wifi.o
    0x08001440   0x0000000c   Code   RO         1504    i.GetIPIDStart      wifi.o
    0x0800144c   0x0000005c   Code   RO         1711    i.IOInit            pulse.o
    0x080014a8   0x00000040   Code   RO          447    i.Init              uartprotocol.o
    0x080014e8   0x00000010   Code   RO         1505    i.Init              wifi.o
    0x080014f8   0x00000020   Code   RO         1712    i.Init              pulse.o
    0x08001518   0x000000cc   Code   RO         1840    i.Init              delta robot.o
    0x080015e4   0x0000002c   Code   RO          621    i.InitTimer         timer.o
    0x08001610   0x00000030   Code   RO          150    i.JTAG_Set          sys.o
    0x08001640   0x0000002c   Code   RO          622    i.KillThisTimer     timer.o
    0x0800166c   0x00000024   Code   RO          623    i.KillTimer         timer.o
    0x08001690   0x00000068   Code   RO          151    i.MYRCC_DeInit      sys.o
    0x080016f8   0x00000074   Code   RO          152    i.MY_NVIC_Init      sys.o
    0x0800176c   0x00000028   Code   RO          153    i.MY_NVIC_PriorityGroupConfig  sys.o
    0x08001794   0x00000014   Code   RO          154    i.MY_NVIC_SetVectorTable  sys.o
    0x080017a8   0x00000160   Code   RO          448    i.OnRecvData        uartprotocol.o
    0x08001908   0x0000000a   Code   RO         1714    i.QueueInit         pulse.o
    0x08001912   0x00000002   PAD
    0x08001914   0x00000050   Code   RO          449    i.ReadBuff          uartprotocol.o
    0x08001964   0x00000034   Code   RO          450    i.ReadByte          uartprotocol.o
    0x08001998   0x00000078   Code   RO          451    i.ReadDWord         uartprotocol.o
    0x08001a10   0x00000050   Code   RO          452    i.ReadWord          uartprotocol.o
    0x08001a60   0x0000000c   Code   RO          453    i.RegisterCmdEvent  uartprotocol.o
    0x08001a6c   0x0000001c   Code   RO         1716    i.ResetXYZ          pulse.o
    0x08001a88   0x0000002c   Code   RO         1506    i.ScannCmd          wifi.o
    0x08001ab4   0x00000020   Code   RO         1507    i.ScannStart        wifi.o
    0x08001ad4   0x00000044   Code   RO          454    i.SendCmdPack       uartprotocol.o
    0x08001b18   0x00000070   Code   RO         1508    i.SendMeIPEvent     wifi.o
    0x08001b88   0x00000064   Code   RO          455    i.SendPack          uartprotocol.o
    0x08001bec   0x000002f4   Code   RO            2    i.SetDataEvent      main.o
    0x08001ee0   0x00000018   Code   RO          624    i.SetDelay          timer.o
    0x08001ef8   0x0000002c   Code   RO         1717    i.SetDir            pulse.o
    0x08001f24   0x00000020   Code   RO         1718    i.SetF              pulse.o
    0x08001f44   0x0000002c   Code   RO         1719    i.SetIO             pulse.o
    0x08001f70   0x00000060   Code   RO          625    i.SetTimer          timer.o
    0x08001fd0   0x0000006c   Code   RO         1720    i.SetXYZ            pulse.o
    0x0800203c   0x00000018   Code   RO          456    i.Setoffset         uartprotocol.o
    0x08002054   0x00000044   Code   RO         1841    i.Setting           delta robot.o
    0x08002098   0x00000040   Code   RO         1721    i.Start             pulse.o
    0x080020d8   0x00000090   Code   RO          155    i.Stm32_Clock_Init  sys.o
    0x08002168   0x0000001c   Code   RO         1722    i.Stop              pulse.o
    0x08002184   0x00000048   Code   RO          626    i.SysTick_Handler   timer.o
    0x080021cc   0x00000310   Code   RO         1723    i.TIM3_IRQHandler   pulse.o
    0x080024dc   0x00000050   Code   RO         1724    i.Time3Init         pulse.o
    0x0800252c   0x000000d4   Code   RO          627    i.TimerRun          timer.o
    0x08002600   0x000000c0   Code   RO          382    i.UART_Init         uart.o
    0x080026c0   0x0000000c   Code   RO          383    i.UART_OnRecv       uart.o
    0x080026cc   0x00000060   Code   RO          384    i.UART_ReSetBps     uart.o
    0x0800272c   0x00000022   Code   RO          385    i.UART_SendBuff     uart.o
    0x0800274e   0x00000002   PAD
    0x08002750   0x0000001c   Code   RO          386    i.UART_SendByte     uart.o
    0x0800276c   0x0000001e   Code   RO          387    i.UART_SendString   uart.o
    0x0800278a   0x00000002   PAD
    0x0800278c   0x00000020   Code   RO          389    i.USART1_IRQHandler  uart.o
    0x080027ac   0x000000ac   Code   RO          458    i.UartCmd           uartprotocol.o
    0x08002858   0x0000002c   Code   RO          459    i.UnRegisterCmdEvent  uartprotocol.o
    0x08002884   0x0000004c   Code   RO          460    i.WriteBuff         uartprotocol.o
    0x080028d0   0x00000030   Code   RO          461    i.WriteByte         uartprotocol.o
    0x08002900   0x00000070   Code   RO          462    i.WriteDWord        uartprotocol.o
    0x08002970   0x00000070   Code   RO          463    i.WriteFloat        uartprotocol.o
    0x080029e0   0x00000048   Code   RO          464    i.WriteWord         uartprotocol.o
    0x08002a28   0x0000003c   Code   RO          465    i.Writestr          uartprotocol.o
    0x08002a64   0x0000001c   Code   RO          628    i.ZeroDelay         timer.o
    0x08002a80   0x00000028   Code   RO         2152    i.__0sprintf$8      mc_w.l(printf8.o)
    0x08002aa8   0x00000028   Code   RO         2293    i.__ARM_fpclassify  m_ws.l(fpclassify.o)
    0x08002ad0   0x00000008   Code   RO         2338    i.__aeabi_errno_addr  mc_w.l(errno.o)
    0x08002ad8   0x00000388   Code   RO         2298    i.__ieee754_rem_pio2  m_ws.l(rred.o)
    0x08002e60   0x000000fc   Code   RO         2276    i.__kernel_cos      m_ws.l(cos_i.o)
    0x08002f5c   0x000000aa   Code   RO         2295    i.__kernel_poly     m_ws.l(poly.o)
    0x08003006   0x00000002   PAD
    0x08003008   0x000000ec   Code   RO         2303    i.__kernel_sin      m_ws.l(sin_i.o)
    0x080030f4   0x00000010   Code   RO         2279    i.__mathlib_dbl_divzero  m_ws.l(dunder.o)
    0x08003104   0x00000006   Code   RO         2280    i.__mathlib_dbl_infnan  m_ws.l(dunder.o)
    0x0800310a   0x00000004   Code   RO         2281    i.__mathlib_dbl_infnan2  m_ws.l(dunder.o)
    0x0800310e   0x0000000c   Code   RO         2282    i.__mathlib_dbl_invalid  m_ws.l(dunder.o)
    0x0800311a   0x0000000e   Code   RO         2283    i.__mathlib_dbl_overflow  m_ws.l(dunder.o)
    0x08003128   0x00000010   Code   RO         2285    i.__mathlib_dbl_underflow  m_ws.l(dunder.o)
    0x08003138   0x0000000e   Code   RO         2402    i.__scatterload_copy  mc_w.l(handlers.o)
    0x08003146   0x00000002   Code   RO         2403    i.__scatterload_null  mc_w.l(handlers.o)
    0x08003148   0x0000000e   Code   RO         2404    i.__scatterload_zeroinit  mc_w.l(handlers.o)
    0x08003156   0x00000002   PAD
    0x08003158   0x0000000c   Code   RO         2340    i.__set_errno       mc_w.l(errno.o)
    0x08003164   0x00000410   Code   RO         2157    i._printf_core      mc_w.l(printf8.o)
    0x08003574   0x00000024   Code   RO         2158    i._printf_post_padding  mc_w.l(printf8.o)
    0x08003598   0x0000002e   Code   RO         2159    i._printf_pre_padding  mc_w.l(printf8.o)
    0x080035c6   0x0000000a   Code   RO         2161    i._sputc            mc_w.l(printf8.o)
    0x080035d0   0x0000000c   Code   RO          466    i.aack              uartprotocol.o
    0x080035dc   0x0000000e   Code   RO         1725    i.abs32             pulse.o
    0x080035ea   0x00000002   PAD
    0x080035ec   0x00000028   Code   RO          467    i.ackpack           uartprotocol.o
    0x08003614   0x000001cc   Code   RO         1842    i.calculate_delta   delta robot.o
    0x080037e0   0x0000009c   Code   RO         1893    i.cos               m_ws.l(cos.o)
    0x0800387c   0x00000020   Code   RO          116    i.delay_init        delay.o
    0x0800389c   0x00000050   Code   RO         2204    i.free              mc_w.l(malloc.o)
    0x080038ec   0x000000b0   Code   RO         1509    i.getData           wifi.o
    0x0800399c   0x00000014   Code   RO          468    i.getbuff           uartprotocol.o
    0x080039b0   0x0000000c   Code   RO          469    i.getcmd            uartprotocol.o
    0x080039bc   0x0000000c   Code   RO          470    i.getlen            uartprotocol.o
    0x080039c8   0x00000014   Code   RO          471    i.getsendbuff       uartprotocol.o
    0x080039dc   0x00000014   Code   RO          472    i.isLink            uartprotocol.o
    0x080039f0   0x0000001c   Code   RO          629    i.isUse             timer.o
    0x08003a0c   0x000000d0   Code   RO            3    i.main              main.o
    0x08003adc   0x0000006c   Code   RO         2205    i.malloc            mc_w.l(malloc.o)
    0x08003b48   0x00000010   Code   RO          473    i.noack             uartprotocol.o
    0x08003b58   0x000009d8   Code   RO         1901    i.pow               m_ws.l(pow.o)
    0x08004530   0x000000fc   Code   RO         1843    i.recalc_delta_settings  delta robot.o
    0x0800462c   0x00000148   Code   RO         1510    i.sendServing       wifi.o
    0x08004774   0x00000024   Code   RO          474    i.sendackpacket     uartprotocol.o
    0x08004798   0x000000f0   Code   RO         1511    i.setData           wifi.o
    0x08004888   0x000000a0   Code   RO         1911    i.sin               m_ws.l(sin.o)
    0x08004928   0x0000004c   Code   RO         1919    i.sqrt              m_ws.l(sqrt.o)
    0x08004974   0x00000018   Data   RO          390    .constdata          uart.o
    0x0800498c   0x00000068   Data   RO          476    .constdata          uartprotocol.o
    0x080049f4   0x00000028   Data   RO          631    .constdata          timer.o
    0x08004a1c   0x00000038   Data   RO         1513    .constdata          wifi.o
    0x08004a54   0x0000001c   Data   RO         1727    .constdata          pulse.o
    0x08004a70   0x00000010   Data   RO         1845    .constdata          delta robot.o
    0x08004a80   0x00000088   Data   RO         1902    .constdata          m_ws.l(pow.o)
    0x08004b08   0x00000030   Data   RO         2277    .constdata          m_ws.l(cos_i.o)
    0x08004b38   0x00000008   Data   RO         2297    .constdata          m_ws.l(qnan.o)
    0x08004b40   0x000000c8   Data   RO         2300    .constdata          m_ws.l(rred.o)
    0x08004c08   0x00000028   Data   RO         2304    .constdata          m_ws.l(sin_i.o)
    0x08004c30   0x00000081   Data   RO         2366    .constdata          mc_w.l(ctype_o.o)
    0x08004cb1   0x00000003   PAD
    0x08004cb4   0x00000004   Data   RO         2367    .constdata          mc_w.l(ctype_o.o)
    0x08004cb8   0x00000020   Data   RO         2400    Region$$Table       anon$$obj.o


    Execution Region RW_IRAM1 (Base: 0x20000000, Size: 0x00001c48, Max: 0x00005000, ABSOLUTE)

    Base Addr    Size         Type   Attr      Idx    E Section Name        Object

    0x20000000   0x00000004   Data   RW            5    .data               main.o
    0x20000004   0x00000004   Data   RW          120    .data               delay.o
    0x20000008   0x00000008   Data   RW          391    .data               uart.o
    0x20000010   0x0000001e   Data   RW          477    .data               uartprotocol.o
    0x2000002e   0x00000002   PAD
    0x20000030   0x0000000d   Data   RW          632    .data               timer.o
    0x2000003d   0x00000001   PAD
    0x2000003e   0x0000002a   Data   RW         1514    .data               wifi.o
    0x20000068   0x00000018   Data   RW         1728    .data               pulse.o
    0x20000080   0x00000030   Data   RW         1846    .data               delta robot.o
    0x200000b0   0x00000004   Data   RW         2336    .data               mc_w.l(mvars.o)
    0x200000b4   0x00000004   Data   RW         2337    .data               mc_w.l(mvars.o)
    0x200000b8   0x00000004   Data   RW         2341    .data               mc_w.l(errno.o)
    0x200000bc   0x00000080   Zero   RW          475    .bss                uartprotocol.o
    0x2000013c   0x00000060   Zero   RW          630    .bss                timer.o
    0x2000019c   0x000001c0   Zero   RW         1512    .bss                wifi.o
    0x2000035c   0x00000fd0   Zero   RW         1726    .bss                pulse.o
    0x2000132c   0x00000018   Zero   RW         1844    .bss                delta robot.o
    0x20001344   0x00000004   PAD
    0x20001348   0x00000100   Zero   RW           92    HEAP                startup_stm32f10x_md.o
    0x20001448   0x00000800   Zero   RW           91    STACK               startup_stm32f10x_md.o


==============================================================================

Image component sizes


      Code (inc. data)   RO Data    RW Data    ZI Data      Debug   Object Name

        32          8          0          4          0        649   delay.o
       984        130         16         48         24       4062   delta robot.o
      1112        102          0          4          0     214706   main.o
      2032        224         28         24       4048      11733   pulse.o
        28          4        236          0       2304        812   startup_stm32f10x_md.o
       632         74          0          0          0     205684   sys.o
       740        100         40         13         96       8082   timer.o
       424         62         24          8          0      20269   uart.o
      1836        298        104         30        128      16606   uartprotocol.o
      2044        374         56         42        448      12395   wifi.o

    ----------------------------------------------------------------------
      9872       1376        536        176       7052     494998   Object Totals
         0          0         32          0          0          0   (incl. Generated)
         8          0          0          3          4          0   (incl. Padding)

    ----------------------------------------------------------------------

      Code (inc. data)   RO Data    RW Data    ZI Data      Debug   Library Member Name

       156          8          0          0          0        104   cos.o
       252         22         48          0          0        124   cos_i.o
        68         10          0          0          0        408   dunder.o
        40          0          0          0          0         68   fpclassify.o
       170          0          0          0          0         96   poly.o
      2520        190        136          0          0        324   pow.o
         0          0          8          0          0          0   qnan.o
       904         76        200          0          0        140   rred.o
       160         10          0          0          0        108   sin.o
       236         12         40          0          0        128   sin_i.o
        76          0          0          0          0         84   sqrt.o
        28          0          0          0          0         68   _chval.o
       158          0          0          0          0         92   _strtoul.o
        26          0          0          0          0         80   atoi.o
         8          4        133          0          0         68   ctype_o.o
         0          0          0          0          0          0   entry.o
         0          0          0          0          0          0   entry10a.o
         0          0          0          0          0          0   entry11a.o
         8          4          0          0          0          0   entry2.o
         4          0          0          0          0          0   entry5.o
         0          0          0          0          0          0   entry7b.o
         0          0          0          0          0          0   entry8b.o
         8          4          0          0          0          0   entry9a.o
        20         10          0          4          0        136   errno.o
        30          0          0          0          0          0   handlers.o
        36          8          0          0          0         68   init.o
         0          0          0          0          0          0   iusefp.o
        30          0          0          0          0         68   llshl.o
        36          0          0          0          0         68   llsshr.o
        32          0          0          0          0         68   llushr.o
       188         20          0          0          0        160   malloc.o
        36          0          0          0          0        108   memseta.o
         0          0          0          8          0          0   mvars.o
      1172         50          0          0          0        420   printf8.o
        24          0          0          0          0         68   strcat.o
        36          0          0          0          0         80   strstr.o
       112          0          0          0          0         88   strtol.o
        98          0          0          0          0         92   uldiv.o
        48          0          0          0          0         68   cdrcmple.o
        56          0          0          0          0         88   d2f.o
       334          0          0          0          0        148   dadd.o
       222          0          0          0          0        100   ddiv.o
       186          0          0          0          0        176   depilogue.o
        62          0          0          0          0         80   dfixi.o
        34          0          0          0          0         76   dflti.o
        26          0          0          0          0         76   dfltui.o
       228          0          0          0          0         96   dmul.o
        46          0          0          0          0         80   dscalb.o
       162          0          0          0          0        100   dsqrt.o
        38          0          0          0          0         68   f2d.o
       176          0          0          0          0        140   fadd.o
       124          0          0          0          0         88   fdiv.o
       110          0          0          0          0        168   fepilogue.o
        50          0          0          0          0         68   ffixi.o
        18          0          0          0          0         68   fflti.o
       100          0          0          0          0         76   fmul.o

    ----------------------------------------------------------------------
      8696        428        568         12          0       5080   Library Totals
         4          0          3          0          0          0   (incl. Padding)

    ----------------------------------------------------------------------

      Code (inc. data)   RO Data    RW Data    ZI Data      Debug   Library Name

      4582        328        432          0          0       1584   m_ws.l
      2090        100        133         12          0       1732   mc_w.l
      2020          0          0          0          0       1764   mf_w.l

    ----------------------------------------------------------------------
      8696        428        568         12          0       5080   Library Totals

    ----------------------------------------------------------------------

==============================================================================


      Code (inc. data)   RO Data    RW Data    ZI Data      Debug   

     18568       1804       1104        188       7052     492794   Grand Totals
     18568       1804       1104        188       7052     492794   ELF Image Totals
     18568       1804       1104        188          0          0   ROM Totals

==============================================================================

    Total RO  Size (Code + RO Data)                19672 (  19.21kB)
    Total RW  Size (RW Data + ZI Data)              7240 (   7.07kB)
    Total ROM Size (Code + RO Data + RW Data)      19860 (  19.39kB)

==============================================================================

